#! /c/Source/iverilog-install/bin/vvp
:ivl_version "12.0 (devel)" "(s20150603-1539-g2693dd32b)";
:ivl_delay_selection "TYPICAL";
:vpi_time_precision + 0;
:vpi_module "C:\iverilog\lib\ivl\system.vpi";
:vpi_module "C:\iverilog\lib\ivl\vhdl_sys.vpi";
:vpi_module "C:\iverilog\lib\ivl\vhdl_textio.vpi";
:vpi_module "C:\iverilog\lib\ivl\v2005_math.vpi";
:vpi_module "C:\iverilog\lib\ivl\va_math.vpi";
S_0000018f28d63db0 .scope module, "Mux_2to1" "Mux_2to1" 2 1;
 .timescale 0 0;
    .port_info 0 /INPUT 1 "select";
    .port_info 1 /INPUT 4 "input_0";
    .port_info 2 /INPUT 4 "input_1";
    .port_info 3 /OUTPUT 4 "output_value";
P_0000018f28d8d6c0 .param/l "WIDTH" 0 2 1, +C4<00000000000000000000000000000100>;
o0000018f28db0218 .functor BUFZ 4, C4<zzzz>; HiZ drive
v0000018f28d9f5f0_0 .net "input_0", 3 0, o0000018f28db0218;  0 drivers
o0000018f28db0248 .functor BUFZ 4, C4<zzzz>; HiZ drive
v0000018f28da01d0_0 .net "input_1", 3 0, o0000018f28db0248;  0 drivers
v0000018f28d9f550_0 .net "output_value", 3 0, L_0000018f28eb56c0;  1 drivers
o0000018f28db02a8 .functor BUFZ 1, C4<z>; HiZ drive
v0000018f28da0130_0 .net "select", 0 0, o0000018f28db02a8;  0 drivers
L_0000018f28eb56c0 .functor MUXZ 4, o0000018f28db0218, o0000018f28db0248, o0000018f28db02a8, C4<>;
S_0000018f28d63f40 .scope module, "controller" "controller" 3 1;
 .timescale 0 0;
    .port_info 0 /INPUT 1 "clk";
    .port_info 1 /INPUT 1 "RESET";
    .port_info 2 /INPUT 1 "FlushE";
    .port_info 3 /INPUT 4 "Flags_in";
    .port_info 4 /INPUT 32 "IROut";
    .port_info 5 /OUTPUT 1 "PCSrcW";
    .port_info 6 /OUTPUT 1 "PCSrcD";
    .port_info 7 /OUTPUT 1 "linkW";
    .port_info 8 /OUTPUT 1 "BX";
    .port_info 9 /OUTPUT 1 "BranchTakenE";
    .port_info 10 /OUTPUT 1 "MemWriteM";
    .port_info 11 /OUTPUT 1 "RegWriteW";
    .port_info 12 /OUTPUT 1 "MemToRegW";
    .port_info 13 /OUTPUT 1 "PCSrcM";
    .port_info 14 /OUTPUT 1 "RegWriteM";
    .port_info 15 /OUTPUT 1 "PCSrcE";
    .port_info 16 /OUTPUT 1 "RegWriteE";
    .port_info 17 /OUTPUT 1 "MemToRegE";
    .port_info 18 /OUTPUT 1 "CondExE";
    .port_info 19 /OUTPUT 1 "ALUSrcE";
    .port_info 20 /OUTPUT 2 "ImmSrcD";
    .port_info 21 /OUTPUT 2 "RegSrcD";
    .port_info 22 /OUTPUT 2 "shcontrol";
    .port_info 23 /OUTPUT 4 "ALUControlE";
    .port_info 24 /OUTPUT 5 "shamt";
L_0000018f28da4340 .functor AND 1, L_0000018f28eb4e00, L_0000018f28eb4540, C4<1>, C4<1>;
L_0000018f28da4260 .functor AND 1, L_0000018f28eb4900, L_0000018f28eb5120, C4<1>, C4<1>;
L_0000018f28da4650 .functor AND 1, L_0000018f28eb4360, L_0000018f28eb4cc0, C4<1>, C4<1>;
L_0000018f28da3e00 .functor AND 1, L_0000018f28eb42c0, L_0000018f28eb49a0, C4<1>, C4<1>;
L_0000018f28da4500 .functor AND 1, L_0000018f28eb5300, L_0000018f28eb4ae0, C4<1>, C4<1>;
L_0000018f28da4ce0 .functor AND 1, L_0000018f28eb4f40, L_0000018f28eb47c0, C4<1>, C4<1>;
L_0000018f28da49d0 .functor NOT 1, L_0000018f28eb4fe0, C4<0>, C4<0>, C4<0>;
L_0000018f28da4960 .functor AND 1, L_0000018f28eb4180, L_0000018f28da49d0, C4<1>, C4<1>;
L_0000018f28da42d0 .functor AND 1, L_0000018f28eb45e0, L_0000018f28eb58a0, C4<1>, C4<1>;
L_0000018f28da3e70 .functor NOT 1, L_0000018f28eb4860, C4<0>, C4<0>, C4<0>;
L_0000018f28da3fc0 .functor AND 1, L_0000018f28eb4220, L_0000018f28da3e70, C4<1>, C4<1>;
L_0000018f28da4570 .functor AND 1, L_0000018f28eb4a40, L_0000018f28eb5a80, C4<1>, C4<1>;
L_0000018f28da4110 .functor AND 1, L_0000018f28eb5760, L_0000018f28eb53a0, C4<1>, C4<1>;
L_0000018f28da43b0 .functor NOT 1, L_0000018f28eb3f00, C4<0>, C4<0>, C4<0>;
L_0000018f28da4730 .functor AND 1, L_0000018f28da4110, L_0000018f28da43b0, C4<1>, C4<1>;
L_0000018f28da4ab0 .functor NOT 1, L_0000018f28da4ce0, C4<0>, C4<0>, C4<0>;
L_0000018f28da4c70 .functor AND 1, L_0000018f28eb5800, L_0000018f28da4ab0, C4<1>, C4<1>;
L_0000018f28da4b90 .functor NOT 1, L_0000018f28eb3f00, C4<0>, C4<0>, C4<0>;
L_0000018f28da45e0 .functor AND 1, L_0000018f28da4c70, L_0000018f28da4b90, C4<1>, C4<1>;
L_0000018f28da4420 .functor OR 1, L_0000018f28da45e0, L_0000018f28da42d0, C4<0>, C4<0>;
L_0000018f28da4490 .functor OR 1, L_0000018f28da4420, L_0000018f28da4570, C4<0>, C4<0>;
L_0000018f28da47a0 .functor NOT 1, L_0000018f28da4ce0, C4<0>, C4<0>, C4<0>;
L_0000018f28da3ee0 .functor AND 1, L_0000018f28eb5c60, L_0000018f28da47a0, C4<1>, C4<1>;
L_0000018f28da4810 .functor NOT 1, L_0000018f28eb3f00, C4<0>, C4<0>, C4<0>;
L_0000018f28da4880 .functor AND 1, L_0000018f28da3ee0, L_0000018f28da4810, C4<1>, C4<1>;
L_0000018f28da4c00 .functor OR 1, L_0000018f28da3fc0, L_0000018f28eb3f00, C4<0>, C4<0>;
L_0000018f28da48f0 .functor OR 1, L_0000018f28da4c00, L_0000018f28da4570, C4<0>, C4<0>;
L_0000018f28da4a40 .functor AND 1, L_0000018f28eb4ea0, L_0000018f28eb5080, C4<1>, C4<1>;
L_0000018f28da4b20 .functor OR 1, L_0000018f28da4a40, L_0000018f28da4ce0, C4<0>, C4<0>;
L_0000018f28da40a0 .functor BUFZ 2, L_0000018f28eb4040, C4<00>, C4<00>, C4<00>;
L_0000018f28da4180 .functor AND 1, L_0000018f28eb5940, L_0000018f28eb51c0, C4<1>, C4<1>;
L_0000018f28d97f70 .functor NOT 1, L_0000018f28eb3f00, C4<0>, C4<0>, C4<0>;
L_0000018f28d98130 .functor AND 1, L_0000018f28da4180, L_0000018f28d97f70, C4<1>, C4<1>;
L_0000018f28d97db0 .functor OR 1, L_0000018f28da4960, L_0000018f28da42d0, C4<0>, C4<0>;
L_0000018f28d97aa0 .functor OR 1, L_0000018f28d97db0, L_0000018f28da3fc0, C4<0>, C4<0>;
L_0000018f28d98280 .functor OR 1, L_0000018f28d97aa0, L_0000018f28da4570, C4<0>, C4<0>;
L_0000018f28d98440 .functor OR 1, L_0000018f28d98130, L_0000018f28d98280, C4<0>, C4<0>;
L_0000018f28d97560 .functor AND 1, L_0000018f28eb5440, L_0000018f28eb5580, C4<1>, C4<1>;
L_0000018f28d976b0 .functor AND 1, L_0000018f28eb5bc0, L_0000018f28f10540, C4<1>, C4<1>;
L_0000018f28d97720 .functor NOT 1, L_0000018f28eb3f00, C4<0>, C4<0>, C4<0>;
L_0000018f28d97b10 .functor AND 1, L_0000018f28d976b0, L_0000018f28d97720, C4<1>, C4<1>;
L_0000018f28d97790 .functor NOT 1, L_0000018f28f12020, C4<0>, C4<0>, C4<0>;
L_0000018f28d97800 .functor AND 1, L_0000018f28f10d60, L_0000018f28d97790, C4<1>, C4<1>;
L_0000018f28d97c60 .functor NOT 1, L_0000018f28eb3f00, C4<0>, C4<0>, C4<0>;
L_0000018f28d97a30 .functor AND 1, L_0000018f28d97800, L_0000018f28d97c60, C4<1>, C4<1>;
L_0000018f28d7d8b0 .functor OR 1, L_0000018f28da3fc0, L_0000018f28da4570, C4<0>, C4<0>;
L_0000018f28dfd850 .functor BUFZ 1, L_0000018f28da4960, C4<0>, C4<0>, C4<0>;
o0000018f28db0c38 .functor BUFZ 1, C4<z>; HiZ drive
o0000018f28db2018 .functor BUFZ 1, C4<z>; HiZ drive
L_0000018f28dfe3b0 .functor OR 1, o0000018f28db0c38, o0000018f28db2018, C4<0>, C4<0>;
L_0000018f28dfe1f0 .functor OR 1, o0000018f28db0c38, o0000018f28db2018, C4<0>, C4<0>;
L_0000018f28dfe260 .functor OR 1, o0000018f28db0c38, o0000018f28db2018, C4<0>, C4<0>;
L_0000018f28dfdd90 .functor OR 1, o0000018f28db0c38, o0000018f28db2018, C4<0>, C4<0>;
L_0000018f28dfd930 .functor OR 1, o0000018f28db0c38, o0000018f28db2018, C4<0>, C4<0>;
L_0000018f28dfe2d0 .functor OR 1, o0000018f28db0c38, o0000018f28db2018, C4<0>, C4<0>;
L_0000018f28dfe0a0 .functor OR 1, o0000018f28db0c38, o0000018f28db2018, C4<0>, C4<0>;
L_0000018f28dfd770 .functor OR 1, o0000018f28db0c38, o0000018f28db2018, C4<0>, C4<0>;
L_0000018f28dfe340 .functor OR 1, o0000018f28db0c38, o0000018f28db2018, C4<0>, C4<0>;
L_0000018f28dfda80 .functor OR 1, o0000018f28db0c38, o0000018f28db2018, C4<0>, C4<0>;
L_0000018f28dfd7e0 .functor OR 1, o0000018f28db0c38, o0000018f28db2018, C4<0>, C4<0>;
L_0000018f28dfe420 .functor OR 1, o0000018f28db0c38, o0000018f28db2018, C4<0>, C4<0>;
L_0000018f28dfd8c0 .functor OR 1, o0000018f28db0c38, o0000018f28db2018, C4<0>, C4<0>;
L_0000018f28dfdcb0 .functor NOT 1, L_0000018f28f11c60, C4<0>, C4<0>, C4<0>;
L_0000018f28dfdee0 .functor AND 1, L_0000018f28f105e0, L_0000018f28dfdcb0, C4<1>, C4<1>;
L_0000018f28dfdbd0 .functor OR 1, L_0000018f28f12340, L_0000018f28dfdee0, C4<0>, C4<0>;
L_0000018f28dfdf50 .functor AND 1, L_0000018f28f111c0, L_0000018f28f11120, C4<1>, C4<1>;
L_0000018f28dfd9a0 .functor OR 1, L_0000018f28dfdbd0, L_0000018f28dfdf50, C4<0>, C4<0>;
L_0000018f28dfe490 .functor AND 1, L_0000018f28dfd9a0, v0000018f28d9ef10_0, C4<1>, C4<1>;
L_0000018f28dfdfc0 .functor AND 1, v0000018f28d93b10_0, L_0000018f28dfd9a0, C4<1>, C4<1>;
L_0000018f28dfdb60 .functor AND 1, v0000018f28d950f0_0, L_0000018f28dfd9a0, C4<1>, C4<1>;
L_0000018f28dfdc40 .functor AND 1, v0000018f28d9fa50_0, L_0000018f28dfd9a0, C4<1>, C4<1>;
L_0000018f28dfe500 .functor AND 1, v0000018f28d9feb0_0, L_0000018f28dfd9a0, C4<1>, C4<1>;
L_0000018f28dfda10 .functor OR 1, o0000018f28db0c38, o0000018f28db2018, C4<0>, C4<0>;
L_0000018f28dfdd20 .functor OR 1, o0000018f28db0c38, o0000018f28db2018, C4<0>, C4<0>;
v0000018f28dedc90_0 .net "ADD", 0 0, L_0000018f28da4340;  1 drivers
v0000018f28ded3d0_0 .net "ALUControlD", 3 0, L_0000018f28eb4b80;  1 drivers
v0000018f28decc50_0 .net "ALUControlE", 3 0, v0000018f28d9ff50_0;  1 drivers
v0000018f28dedd30_0 .net "ALUSrcD", 0 0, L_0000018f28d98440;  1 drivers
v0000018f28dec390_0 .net "ALUSrcE", 0 0, v0000018f28d9f910_0;  1 drivers
v0000018f28deccf0_0 .net "AND", 0 0, L_0000018f28da4650;  1 drivers
v0000018f28dec430_0 .net "B", 0 0, L_0000018f28da3fc0;  1 drivers
v0000018f28dece30_0 .net "BL", 0 0, L_0000018f28da4570;  1 drivers
v0000018f28dec570_0 .net "BX", 0 0, L_0000018f28eb3f00;  1 drivers
v0000018f28dec4d0_0 .net "BranchD", 0 0, L_0000018f28da48f0;  1 drivers
v0000018f28deced0_0 .net "BranchE", 0 0, v0000018f28d9ef10_0;  1 drivers
v0000018f28ded0b0_0 .net "BranchTakenE", 0 0, L_0000018f28dfe490;  1 drivers
v0000018f28ded510_0 .net "CMP", 0 0, L_0000018f28da4ce0;  1 drivers
v0000018f28ded290_0 .net "CondExE", 0 0, L_0000018f28dfd9a0;  1 drivers
v0000018f28ded330_0 .net "FlagWriteD", 0 0, L_0000018f28da4b20;  1 drivers
v0000018f28ded5b0_0 .net "FlagWriteE", 0 0, v0000018f28da0270_0;  1 drivers
v0000018f28def390_0 .net "FlagsOut", 3 0, v0000018f28da04f0_0;  1 drivers
o0000018f28db0908 .functor BUFZ 4, C4<zzzz>; HiZ drive
v0000018f28deec10_0 .net "Flags_in", 3 0, o0000018f28db0908;  0 drivers
v0000018f28dee5d0_0 .net "FlushE", 0 0, o0000018f28db2018;  0 drivers
v0000018f28deeb70_0 .net "Func", 5 0, L_0000018f28eb5260;  1 drivers
o0000018f28db2078 .functor BUFZ 32, C4<zzzzzzzzzzzzzzzzzzzzzzzzzzzzzzzz>; HiZ drive
v0000018f28def570_0 .net "IROut", 31 0, o0000018f28db2078;  0 drivers
v0000018f28dee850_0 .net "ImmSrcD", 1 0, L_0000018f28da40a0;  1 drivers
v0000018f28def890_0 .net "LDR", 0 0, L_0000018f28da42d0;  1 drivers
v0000018f28defcf0_0 .net "MOV", 0 0, L_0000018f28da4500;  1 drivers
v0000018f28deefd0_0 .net "MemToRegE", 0 0, v0000018f28d9fa50_0;  1 drivers
v0000018f28defbb0_0 .net "MemToRegM", 0 0, v0000018f28d9f2d0_0;  1 drivers
v0000018f28def430_0 .net "MemToRegW", 0 0, v0000018f28da0450_0;  1 drivers
v0000018f28def070_0 .net "MemWriteE", 0 0, v0000018f28d9feb0_0;  1 drivers
v0000018f28defc50_0 .net "MemWriteM", 0 0, v0000018f28da0810_0;  1 drivers
v0000018f28def4d0_0 .net "ORR", 0 0, L_0000018f28da3e00;  1 drivers
v0000018f28deed50_0 .net "Op", 1 0, L_0000018f28eb4040;  1 drivers
v0000018f28deee90_0 .net "PCSrcD", 0 0, L_0000018f28da4730;  1 drivers
v0000018f28dee990_0 .net "PCSrcE", 0 0, v0000018f28d93b10_0;  1 drivers
v0000018f28defd90_0 .net "PCSrcM", 0 0, v0000018f28d940b0_0;  1 drivers
v0000018f28def250_0 .net "PCSrcW", 0 0, v0000018f28d94dd0_0;  1 drivers
v0000018f28deedf0_0 .net "RESET", 0 0, o0000018f28db0c38;  0 drivers
v0000018f28deecb0_0 .net "Rd", 3 0, L_0000018f28eb4680;  1 drivers
v0000018f28def610_0 .net "RegSrcD", 1 0, L_0000018f28f10220;  1 drivers
v0000018f28deef30_0 .net "RegWriteD", 0 0, L_0000018f28da4490;  1 drivers
v0000018f28dee8f0_0 .net "RegWriteE", 0 0, v0000018f28d950f0_0;  1 drivers
v0000018f28df01f0_0 .net "RegWriteM", 0 0, v0000018f28dec610_0;  1 drivers
v0000018f28dee530_0 .net "RegWriteW", 0 0, v0000018f28ded010_0;  1 drivers
v0000018f28def2f0_0 .net "STR", 0 0, L_0000018f28da4960;  1 drivers
v0000018f28defe30_0 .net "SUB", 0 0, L_0000018f28da4260;  1 drivers
L_0000018f28eb5ec8 .functor BUFT 1, C4<00>, C4<0>, C4<0>, C4<0>;
v0000018f28def6b0_0 .net/2u *"_ivl_10", 1 0, L_0000018f28eb5ec8;  1 drivers
v0000018f28def750_0 .net *"_ivl_100", 0 0, L_0000018f28eb4a40;  1 drivers
v0000018f28def1b0_0 .net *"_ivl_103", 0 0, L_0000018f28eb5a80;  1 drivers
v0000018f28def110_0 .net *"_ivl_107", 23 0, L_0000018f28eb54e0;  1 drivers
L_0000018f28eb6348 .functor BUFT 1, C4<000100101111111111110001>, C4<0>, C4<0>, C4<0>;
v0000018f28df00b0_0 .net/2u *"_ivl_108", 23 0, L_0000018f28eb6348;  1 drivers
L_0000018f28eb6390 .functor BUFT 1, C4<00>, C4<0>, C4<0>, C4<0>;
v0000018f28dee710_0 .net/2u *"_ivl_112", 1 0, L_0000018f28eb6390;  1 drivers
v0000018f28dee7b0_0 .net *"_ivl_114", 0 0, L_0000018f28eb5760;  1 drivers
L_0000018f28eb63d8 .functor BUFT 1, C4<1111>, C4<0>, C4<0>, C4<0>;
v0000018f28def7f0_0 .net/2u *"_ivl_116", 3 0, L_0000018f28eb63d8;  1 drivers
v0000018f28def930_0 .net *"_ivl_118", 0 0, L_0000018f28eb53a0;  1 drivers
v0000018f28def9d0_0 .net *"_ivl_12", 0 0, L_0000018f28eb4e00;  1 drivers
v0000018f28deea30_0 .net *"_ivl_120", 0 0, L_0000018f28da4110;  1 drivers
v0000018f28deead0_0 .net *"_ivl_122", 0 0, L_0000018f28da43b0;  1 drivers
L_0000018f28eb6420 .functor BUFT 1, C4<00>, C4<0>, C4<0>, C4<0>;
v0000018f28defa70_0 .net/2u *"_ivl_126", 1 0, L_0000018f28eb6420;  1 drivers
v0000018f28defb10_0 .net *"_ivl_128", 0 0, L_0000018f28eb5800;  1 drivers
v0000018f28dee490_0 .net *"_ivl_130", 0 0, L_0000018f28da4ab0;  1 drivers
v0000018f28defed0_0 .net *"_ivl_132", 0 0, L_0000018f28da4c70;  1 drivers
v0000018f28deff70_0 .net *"_ivl_134", 0 0, L_0000018f28da4b90;  1 drivers
v0000018f28df0010_0 .net *"_ivl_136", 0 0, L_0000018f28da45e0;  1 drivers
v0000018f28df0150_0 .net *"_ivl_138", 0 0, L_0000018f28da4420;  1 drivers
L_0000018f28eb5f10 .functor BUFT 1, C4<0100>, C4<0>, C4<0>, C4<0>;
v0000018f28dee670_0 .net/2u *"_ivl_14", 3 0, L_0000018f28eb5f10;  1 drivers
L_0000018f28eb6468 .functor BUFT 1, C4<00>, C4<0>, C4<0>, C4<0>;
v0000018f28df0290_0 .net/2u *"_ivl_142", 1 0, L_0000018f28eb6468;  1 drivers
v0000018f28df0330_0 .net *"_ivl_144", 0 0, L_0000018f28eb5c60;  1 drivers
v0000018f28df8df0_0 .net *"_ivl_146", 0 0, L_0000018f28da47a0;  1 drivers
v0000018f28df9390_0 .net *"_ivl_148", 0 0, L_0000018f28da3ee0;  1 drivers
v0000018f28df9570_0 .net *"_ivl_150", 0 0, L_0000018f28da4810;  1 drivers
v0000018f28df96b0_0 .net *"_ivl_152", 0 0, L_0000018f28da4880;  1 drivers
L_0000018f28eb64b0 .functor BUFT 1, C4<0010>, C4<0>, C4<0>, C4<0>;
v0000018f28dfa5b0_0 .net/2u *"_ivl_154", 3 0, L_0000018f28eb64b0;  1 drivers
L_0000018f28eb64f8 .functor BUFT 1, C4<1101>, C4<0>, C4<0>, C4<0>;
v0000018f28df9430_0 .net/2u *"_ivl_156", 3 0, L_0000018f28eb64f8;  1 drivers
L_0000018f28eb6540 .functor BUFT 1, C4<0100>, C4<0>, C4<0>, C4<0>;
v0000018f28df9e30_0 .net/2u *"_ivl_158", 3 0, L_0000018f28eb6540;  1 drivers
v0000018f28dfa1f0_0 .net *"_ivl_16", 0 0, L_0000018f28eb4540;  1 drivers
v0000018f28df8fd0_0 .net *"_ivl_160", 3 0, L_0000018f28eb3fa0;  1 drivers
v0000018f28df9ed0_0 .net *"_ivl_162", 3 0, L_0000018f28eb4400;  1 drivers
v0000018f28df9070_0 .net *"_ivl_166", 0 0, L_0000018f28da4c00;  1 drivers
v0000018f28df9110_0 .net *"_ivl_171", 0 0, L_0000018f28eb4ea0;  1 drivers
L_0000018f28eb6588 .functor BUFT 1, C4<00>, C4<0>, C4<0>, C4<0>;
v0000018f28df8e90_0 .net/2u *"_ivl_172", 1 0, L_0000018f28eb6588;  1 drivers
v0000018f28df92f0_0 .net *"_ivl_174", 0 0, L_0000018f28eb5080;  1 drivers
v0000018f28df9890_0 .net *"_ivl_176", 0 0, L_0000018f28da4a40;  1 drivers
L_0000018f28eb65d0 .functor BUFT 1, C4<00>, C4<0>, C4<0>, C4<0>;
v0000018f28df8f30_0 .net/2u *"_ivl_182", 1 0, L_0000018f28eb65d0;  1 drivers
v0000018f28df9c50_0 .net *"_ivl_184", 0 0, L_0000018f28eb5940;  1 drivers
v0000018f28df94d0_0 .net *"_ivl_187", 0 0, L_0000018f28eb51c0;  1 drivers
v0000018f28dfa3d0_0 .net *"_ivl_188", 0 0, L_0000018f28da4180;  1 drivers
v0000018f28df8cb0_0 .net *"_ivl_190", 0 0, L_0000018f28d97f70;  1 drivers
v0000018f28df97f0_0 .net *"_ivl_192", 0 0, L_0000018f28d98130;  1 drivers
v0000018f28df9f70_0 .net *"_ivl_194", 0 0, L_0000018f28d97db0;  1 drivers
v0000018f28dfa470_0 .net *"_ivl_196", 0 0, L_0000018f28d97aa0;  1 drivers
v0000018f28dfa650_0 .net *"_ivl_198", 0 0, L_0000018f28d98280;  1 drivers
L_0000018f28eb5f58 .functor BUFT 1, C4<00>, C4<0>, C4<0>, C4<0>;
v0000018f28df9930_0 .net/2u *"_ivl_20", 1 0, L_0000018f28eb5f58;  1 drivers
L_0000018f28eb6618 .functor BUFT 1, C4<00>, C4<0>, C4<0>, C4<0>;
v0000018f28dfa6f0_0 .net/2u *"_ivl_202", 1 0, L_0000018f28eb6618;  1 drivers
v0000018f28df91b0_0 .net *"_ivl_204", 0 0, L_0000018f28eb5440;  1 drivers
v0000018f28dfa290_0 .net *"_ivl_207", 0 0, L_0000018f28eb5580;  1 drivers
v0000018f28df8d50_0 .net *"_ivl_208", 0 0, L_0000018f28d97560;  1 drivers
L_0000018f28eb6660 .functor BUFT 1, C4<11>, C4<0>, C4<0>, C4<0>;
v0000018f28df9250_0 .net/2u *"_ivl_210", 1 0, L_0000018f28eb6660;  1 drivers
v0000018f28df8ad0_0 .net *"_ivl_213", 1 0, L_0000018f28eb59e0;  1 drivers
L_0000018f28eb66a8 .functor BUFT 1, C4<00>, C4<0>, C4<0>, C4<0>;
v0000018f28df9610_0 .net/2u *"_ivl_216", 1 0, L_0000018f28eb66a8;  1 drivers
v0000018f28df9750_0 .net *"_ivl_218", 0 0, L_0000018f28eb5bc0;  1 drivers
v0000018f28dfa790_0 .net *"_ivl_22", 0 0, L_0000018f28eb4900;  1 drivers
v0000018f28df9a70_0 .net *"_ivl_221", 0 0, L_0000018f28f10540;  1 drivers
v0000018f28df9cf0_0 .net *"_ivl_222", 0 0, L_0000018f28d976b0;  1 drivers
v0000018f28dfa510_0 .net *"_ivl_224", 0 0, L_0000018f28d97720;  1 drivers
v0000018f28df99d0_0 .net *"_ivl_226", 0 0, L_0000018f28d97b10;  1 drivers
v0000018f28df9b10_0 .net *"_ivl_229", 3 0, L_0000018f28f127a0;  1 drivers
L_0000018f28eb66f0 .functor BUFT 1, C4<0>, C4<0>, C4<0>, C4<0>;
v0000018f28dfa330_0 .net/2u *"_ivl_230", 0 0, L_0000018f28eb66f0;  1 drivers
v0000018f28df9bb0_0 .net *"_ivl_232", 4 0, L_0000018f28f11a80;  1 drivers
L_0000018f28eb6738 .functor BUFT 1, C4<00>, C4<0>, C4<0>, C4<0>;
v0000018f28dfa830_0 .net/2u *"_ivl_234", 1 0, L_0000018f28eb6738;  1 drivers
v0000018f28df9d90_0 .net *"_ivl_236", 0 0, L_0000018f28f10d60;  1 drivers
v0000018f28dfa010_0 .net *"_ivl_239", 0 0, L_0000018f28f12020;  1 drivers
L_0000018f28eb5fa0 .functor BUFT 1, C4<0010>, C4<0>, C4<0>, C4<0>;
v0000018f28df8c10_0 .net/2u *"_ivl_24", 3 0, L_0000018f28eb5fa0;  1 drivers
v0000018f28dfa0b0_0 .net *"_ivl_240", 0 0, L_0000018f28d97790;  1 drivers
v0000018f28dfa8d0_0 .net *"_ivl_242", 0 0, L_0000018f28d97800;  1 drivers
v0000018f28dfa150_0 .net *"_ivl_244", 0 0, L_0000018f28d97c60;  1 drivers
v0000018f28dfa970_0 .net *"_ivl_246", 0 0, L_0000018f28d97a30;  1 drivers
v0000018f28df8b70_0 .net *"_ivl_249", 4 0, L_0000018f28f10f40;  1 drivers
L_0000018f28eb6780 .functor BUFT 1, C4<00000>, C4<0>, C4<0>, C4<0>;
v0000018f28dfb260_0 .net/2u *"_ivl_250", 4 0, L_0000018f28eb6780;  1 drivers
v0000018f28dfc520_0 .net *"_ivl_252", 4 0, L_0000018f28f11580;  1 drivers
v0000018f28dfc5c0_0 .net *"_ivl_258", 0 0, L_0000018f28d7d8b0;  1 drivers
v0000018f28dfb940_0 .net *"_ivl_26", 0 0, L_0000018f28eb5120;  1 drivers
v0000018f28dfb080_0 .net *"_ivl_264", 0 0, L_0000018f28dfd850;  1 drivers
L_0000018f28eb67c8 .functor BUFT 1, C4<1110>, C4<0>, C4<0>, C4<0>;
v0000018f28dfc8e0_0 .net/2u *"_ivl_291", 3 0, L_0000018f28eb67c8;  1 drivers
v0000018f28dfbc60_0 .net *"_ivl_293", 0 0, L_0000018f28f12340;  1 drivers
L_0000018f28eb6810 .functor BUFT 1, C4<0001>, C4<0>, C4<0>, C4<0>;
v0000018f28dfafe0_0 .net/2u *"_ivl_295", 3 0, L_0000018f28eb6810;  1 drivers
v0000018f28dfaea0_0 .net *"_ivl_297", 0 0, L_0000018f28f105e0;  1 drivers
L_0000018f28eb5fe8 .functor BUFT 1, C4<00>, C4<0>, C4<0>, C4<0>;
v0000018f28dfc200_0 .net/2u *"_ivl_30", 1 0, L_0000018f28eb5fe8;  1 drivers
v0000018f28dfb300_0 .net *"_ivl_300", 0 0, L_0000018f28f11c60;  1 drivers
v0000018f28dfaae0_0 .net *"_ivl_301", 0 0, L_0000018f28dfdcb0;  1 drivers
v0000018f28dfbee0_0 .net *"_ivl_303", 0 0, L_0000018f28dfdee0;  1 drivers
v0000018f28dfbb20_0 .net *"_ivl_305", 0 0, L_0000018f28dfdbd0;  1 drivers
L_0000018f28eb6858 .functor BUFT 1, C4<0000>, C4<0>, C4<0>, C4<0>;
v0000018f28dfb120_0 .net/2u *"_ivl_307", 3 0, L_0000018f28eb6858;  1 drivers
v0000018f28dfbbc0_0 .net *"_ivl_309", 0 0, L_0000018f28f111c0;  1 drivers
v0000018f28dfc3e0_0 .net *"_ivl_312", 0 0, L_0000018f28f11120;  1 drivers
v0000018f28dfb9e0_0 .net *"_ivl_313", 0 0, L_0000018f28dfdf50;  1 drivers
v0000018f28dfad60_0 .net *"_ivl_32", 0 0, L_0000018f28eb4360;  1 drivers
L_0000018f28eb6030 .functor BUFT 1, C4<0000>, C4<0>, C4<0>, C4<0>;
v0000018f28dfaf40_0 .net/2u *"_ivl_34", 3 0, L_0000018f28eb6030;  1 drivers
v0000018f28dfb1c0_0 .net *"_ivl_36", 0 0, L_0000018f28eb4cc0;  1 drivers
L_0000018f28eb6078 .functor BUFT 1, C4<00>, C4<0>, C4<0>, C4<0>;
v0000018f28dfba80_0 .net/2u *"_ivl_40", 1 0, L_0000018f28eb6078;  1 drivers
v0000018f28dfc660_0 .net *"_ivl_42", 0 0, L_0000018f28eb42c0;  1 drivers
L_0000018f28eb60c0 .functor BUFT 1, C4<1100>, C4<0>, C4<0>, C4<0>;
v0000018f28dfb3a0_0 .net/2u *"_ivl_44", 3 0, L_0000018f28eb60c0;  1 drivers
v0000018f28dfb440_0 .net *"_ivl_46", 0 0, L_0000018f28eb49a0;  1 drivers
L_0000018f28eb6108 .functor BUFT 1, C4<00>, C4<0>, C4<0>, C4<0>;
v0000018f28dfc700_0 .net/2u *"_ivl_50", 1 0, L_0000018f28eb6108;  1 drivers
v0000018f28dfb4e0_0 .net *"_ivl_52", 0 0, L_0000018f28eb5300;  1 drivers
L_0000018f28eb6150 .functor BUFT 1, C4<1101>, C4<0>, C4<0>, C4<0>;
v0000018f28dfc480_0 .net/2u *"_ivl_54", 3 0, L_0000018f28eb6150;  1 drivers
v0000018f28dfbf80_0 .net *"_ivl_56", 0 0, L_0000018f28eb4ae0;  1 drivers
L_0000018f28eb6198 .functor BUFT 1, C4<00>, C4<0>, C4<0>, C4<0>;
v0000018f28dfb580_0 .net/2u *"_ivl_60", 1 0, L_0000018f28eb6198;  1 drivers
v0000018f28dfc840_0 .net *"_ivl_62", 0 0, L_0000018f28eb4f40;  1 drivers
L_0000018f28eb61e0 .functor BUFT 1, C4<1010>, C4<0>, C4<0>, C4<0>;
v0000018f28dfae00_0 .net/2u *"_ivl_64", 3 0, L_0000018f28eb61e0;  1 drivers
v0000018f28dfb6c0_0 .net *"_ivl_66", 0 0, L_0000018f28eb47c0;  1 drivers
L_0000018f28eb6228 .functor BUFT 1, C4<01>, C4<0>, C4<0>, C4<0>;
v0000018f28dfb620_0 .net/2u *"_ivl_70", 1 0, L_0000018f28eb6228;  1 drivers
v0000018f28dfb760_0 .net *"_ivl_72", 0 0, L_0000018f28eb4180;  1 drivers
v0000018f28dfb800_0 .net *"_ivl_75", 0 0, L_0000018f28eb4fe0;  1 drivers
v0000018f28dfbd00_0 .net *"_ivl_76", 0 0, L_0000018f28da49d0;  1 drivers
L_0000018f28eb6270 .functor BUFT 1, C4<01>, C4<0>, C4<0>, C4<0>;
v0000018f28dfb8a0_0 .net/2u *"_ivl_80", 1 0, L_0000018f28eb6270;  1 drivers
v0000018f28dfbda0_0 .net *"_ivl_82", 0 0, L_0000018f28eb45e0;  1 drivers
v0000018f28dfbe40_0 .net *"_ivl_85", 0 0, L_0000018f28eb58a0;  1 drivers
L_0000018f28eb62b8 .functor BUFT 1, C4<10>, C4<0>, C4<0>, C4<0>;
v0000018f28dfc7a0_0 .net/2u *"_ivl_88", 1 0, L_0000018f28eb62b8;  1 drivers
v0000018f28dfc020_0 .net *"_ivl_90", 0 0, L_0000018f28eb4220;  1 drivers
v0000018f28dfc0c0_0 .net *"_ivl_93", 0 0, L_0000018f28eb4860;  1 drivers
v0000018f28dfc160_0 .net *"_ivl_94", 0 0, L_0000018f28da3e70;  1 drivers
L_0000018f28eb6300 .functor BUFT 1, C4<10>, C4<0>, C4<0>, C4<0>;
v0000018f28dfc2a0_0 .net/2u *"_ivl_98", 1 0, L_0000018f28eb6300;  1 drivers
o0000018f28db03f8 .functor BUFZ 1, C4<z>; HiZ drive
v0000018f28dfc340_0 .net "clk", 0 0, o0000018f28db03f8;  0 drivers
v0000018f28dfc980_0 .net "cmd", 3 0, L_0000018f28eb40e0;  1 drivers
v0000018f28dfab80_0 .net "cond", 3 0, L_0000018f28eb4720;  1 drivers
v0000018f28dfac20_0 .net "condE", 3 0, v0000018f28dedfb0_0;  1 drivers
v0000018f28dfacc0_0 .net "linkE", 0 0, v0000018f28dee0f0_0;  1 drivers
v0000018f28eb4c20_0 .net "linkM", 0 0, v0000018f28ded6f0_0;  1 drivers
v0000018f28eb5620_0 .net "linkW", 0 0, v0000018f28dec6b0_0;  1 drivers
v0000018f28eb4d60_0 .net "shamt", 4 0, v0000018f28ded970_0;  1 drivers
v0000018f28eb5d00_0 .net "shamtD", 4 0, L_0000018f28f11260;  1 drivers
v0000018f28eb5da0_0 .net "shcontrol", 1 0, v0000018f28decd90_0;  1 drivers
v0000018f28eb44a0_0 .net "shcontrolD", 1 0, L_0000018f28eb5b20;  1 drivers
L_0000018f28eb4040 .part o0000018f28db2078, 26, 2;
L_0000018f28eb4720 .part o0000018f28db2078, 28, 4;
L_0000018f28eb4680 .part o0000018f28db2078, 12, 4;
L_0000018f28eb40e0 .part o0000018f28db2078, 21, 4;
L_0000018f28eb5260 .part o0000018f28db2078, 20, 6;
L_0000018f28eb4e00 .cmp/eq 2, L_0000018f28eb4040, L_0000018f28eb5ec8;
L_0000018f28eb4540 .cmp/eq 4, L_0000018f28eb40e0, L_0000018f28eb5f10;
L_0000018f28eb4900 .cmp/eq 2, L_0000018f28eb4040, L_0000018f28eb5f58;
L_0000018f28eb5120 .cmp/eq 4, L_0000018f28eb40e0, L_0000018f28eb5fa0;
L_0000018f28eb4360 .cmp/eq 2, L_0000018f28eb4040, L_0000018f28eb5fe8;
L_0000018f28eb4cc0 .cmp/eq 4, L_0000018f28eb40e0, L_0000018f28eb6030;
L_0000018f28eb42c0 .cmp/eq 2, L_0000018f28eb4040, L_0000018f28eb6078;
L_0000018f28eb49a0 .cmp/eq 4, L_0000018f28eb40e0, L_0000018f28eb60c0;
L_0000018f28eb5300 .cmp/eq 2, L_0000018f28eb4040, L_0000018f28eb6108;
L_0000018f28eb4ae0 .cmp/eq 4, L_0000018f28eb40e0, L_0000018f28eb6150;
L_0000018f28eb4f40 .cmp/eq 2, L_0000018f28eb4040, L_0000018f28eb6198;
L_0000018f28eb47c0 .cmp/eq 4, L_0000018f28eb40e0, L_0000018f28eb61e0;
L_0000018f28eb4180 .cmp/eq 2, L_0000018f28eb4040, L_0000018f28eb6228;
L_0000018f28eb4fe0 .part L_0000018f28eb5260, 0, 1;
L_0000018f28eb45e0 .cmp/eq 2, L_0000018f28eb4040, L_0000018f28eb6270;
L_0000018f28eb58a0 .part L_0000018f28eb5260, 0, 1;
L_0000018f28eb4220 .cmp/eq 2, L_0000018f28eb4040, L_0000018f28eb62b8;
L_0000018f28eb4860 .part o0000018f28db2078, 24, 1;
L_0000018f28eb4a40 .cmp/eq 2, L_0000018f28eb4040, L_0000018f28eb6300;
L_0000018f28eb5a80 .part o0000018f28db2078, 24, 1;
L_0000018f28eb54e0 .part o0000018f28db2078, 4, 24;
L_0000018f28eb3f00 .cmp/eq 24, L_0000018f28eb54e0, L_0000018f28eb6348;
L_0000018f28eb5760 .cmp/eq 2, L_0000018f28eb4040, L_0000018f28eb6390;
L_0000018f28eb53a0 .cmp/eq 4, L_0000018f28eb4680, L_0000018f28eb63d8;
L_0000018f28eb5800 .cmp/eq 2, L_0000018f28eb4040, L_0000018f28eb6420;
L_0000018f28eb5c60 .cmp/eq 2, L_0000018f28eb4040, L_0000018f28eb6468;
L_0000018f28eb3fa0 .functor MUXZ 4, L_0000018f28eb6540, L_0000018f28eb64f8, L_0000018f28eb3f00, C4<>;
L_0000018f28eb4400 .functor MUXZ 4, L_0000018f28eb3fa0, L_0000018f28eb64b0, L_0000018f28da4ce0, C4<>;
L_0000018f28eb4b80 .functor MUXZ 4, L_0000018f28eb4400, L_0000018f28eb40e0, L_0000018f28da4880, C4<>;
L_0000018f28eb4ea0 .part L_0000018f28eb5260, 0, 1;
L_0000018f28eb5080 .cmp/eq 2, L_0000018f28eb4040, L_0000018f28eb6588;
L_0000018f28eb5940 .cmp/eq 2, L_0000018f28eb4040, L_0000018f28eb65d0;
L_0000018f28eb51c0 .part L_0000018f28eb5260, 5, 1;
L_0000018f28eb5440 .cmp/eq 2, L_0000018f28eb4040, L_0000018f28eb6618;
L_0000018f28eb5580 .part L_0000018f28eb5260, 5, 1;
L_0000018f28eb59e0 .part o0000018f28db2078, 5, 2;
L_0000018f28eb5b20 .functor MUXZ 2, L_0000018f28eb59e0, L_0000018f28eb6660, L_0000018f28d97560, C4<>;
L_0000018f28eb5bc0 .cmp/eq 2, L_0000018f28eb4040, L_0000018f28eb66a8;
L_0000018f28f10540 .part L_0000018f28eb5260, 5, 1;
L_0000018f28f127a0 .part o0000018f28db2078, 8, 4;
L_0000018f28f11a80 .concat [ 1 4 0 0], L_0000018f28eb66f0, L_0000018f28f127a0;
L_0000018f28f10d60 .cmp/eq 2, L_0000018f28eb4040, L_0000018f28eb6738;
L_0000018f28f12020 .part L_0000018f28eb5260, 5, 1;
L_0000018f28f10f40 .part o0000018f28db2078, 7, 5;
L_0000018f28f11580 .functor MUXZ 5, L_0000018f28eb6780, L_0000018f28f10f40, L_0000018f28d97a30, C4<>;
L_0000018f28f11260 .functor MUXZ 5, L_0000018f28f11580, L_0000018f28f11a80, L_0000018f28d97b10, C4<>;
L_0000018f28f10220 .concat8 [ 1 1 0 0], L_0000018f28d7d8b0, L_0000018f28dfd850;
L_0000018f28f12340 .cmp/eq 4, v0000018f28dedfb0_0, L_0000018f28eb67c8;
L_0000018f28f105e0 .cmp/eq 4, v0000018f28dedfb0_0, L_0000018f28eb6810;
L_0000018f28f11c60 .part v0000018f28da04f0_0, 2, 1;
L_0000018f28f111c0 .cmp/eeq 4, v0000018f28dedfb0_0, L_0000018f28eb6858;
L_0000018f28f11120 .part v0000018f28da04f0_0, 2, 1;
S_0000018f28d622f0 .scope module, "ALUControlRegE" "Register_reset" 3 72, 4 1 0, S_0000018f28d63f40;
 .timescale 0 0;
    .port_info 0 /INPUT 1 "clk";
    .port_info 1 /INPUT 1 "reset";
    .port_info 2 /INPUT 4 "DATA";
    .port_info 3 /OUTPUT 4 "OUT";
P_0000018f28d8d080 .param/l "WIDTH" 0 4 2, +C4<00000000000000000000000000000100>;
v0000018f28d9f7d0_0 .net "DATA", 3 0, L_0000018f28eb4b80;  alias, 1 drivers
v0000018f28d9ff50_0 .var "OUT", 3 0;
v0000018f28d9f410_0 .net "clk", 0 0, o0000018f28db03f8;  alias, 0 drivers
v0000018f28da08b0_0 .net "reset", 0 0, L_0000018f28dfe2d0;  1 drivers
E_0000018f28d8d5c0 .event posedge, v0000018f28d9f410_0;
S_0000018f28d65210 .scope module, "ALUSrcRegE" "Register_reset" 3 74, 4 1 0, S_0000018f28d63f40;
 .timescale 0 0;
    .port_info 0 /INPUT 1 "clk";
    .port_info 1 /INPUT 1 "reset";
    .port_info 2 /INPUT 1 "DATA";
    .port_info 3 /OUTPUT 1 "OUT";
P_0000018f28d8c980 .param/l "WIDTH" 0 4 2, +C4<00000000000000000000000000000001>;
v0000018f28da0950_0 .net "DATA", 0 0, L_0000018f28d98440;  alias, 1 drivers
v0000018f28d9f910_0 .var "OUT", 0 0;
v0000018f28d9f690_0 .net "clk", 0 0, o0000018f28db03f8;  alias, 0 drivers
v0000018f28d9efb0_0 .net "reset", 0 0, L_0000018f28dfd770;  1 drivers
S_0000018f28d653a0 .scope module, "BranchEReg" "Register_reset" 3 71, 4 1 0, S_0000018f28d63f40;
 .timescale 0 0;
    .port_info 0 /INPUT 1 "clk";
    .port_info 1 /INPUT 1 "reset";
    .port_info 2 /INPUT 1 "DATA";
    .port_info 3 /OUTPUT 1 "OUT";
P_0000018f28d8cdc0 .param/l "WIDTH" 0 4 2, +C4<00000000000000000000000000000001>;
v0000018f28d9fd70_0 .net "DATA", 0 0, L_0000018f28da48f0;  alias, 1 drivers
v0000018f28d9ef10_0 .var "OUT", 0 0;
v0000018f28d9f870_0 .net "clk", 0 0, o0000018f28db03f8;  alias, 0 drivers
v0000018f28d9f4b0_0 .net "reset", 0 0, L_0000018f28dfd930;  1 drivers
S_0000018f28e96a30 .scope module, "FlagWriteRegE" "Register_reset" 3 75, 4 1 0, S_0000018f28d63f40;
 .timescale 0 0;
    .port_info 0 /INPUT 1 "clk";
    .port_info 1 /INPUT 1 "reset";
    .port_info 2 /INPUT 1 "DATA";
    .port_info 3 /OUTPUT 1 "OUT";
P_0000018f28d8cd00 .param/l "WIDTH" 0 4 2, +C4<00000000000000000000000000000001>;
v0000018f28da0c70_0 .net "DATA", 0 0, L_0000018f28da4b20;  alias, 1 drivers
v0000018f28da0270_0 .var "OUT", 0 0;
v0000018f28da0090_0 .net "clk", 0 0, o0000018f28db03f8;  alias, 0 drivers
v0000018f28d9f050_0 .net "reset", 0 0, L_0000018f28dfe340;  1 drivers
S_0000018f28e96bc0 .scope module, "FlagsRegE" "Register_rsten" 3 80, 5 1 0, S_0000018f28d63f40;
 .timescale 0 0;
    .port_info 0 /INPUT 1 "clk";
    .port_info 1 /INPUT 1 "reset";
    .port_info 2 /INPUT 1 "we";
    .port_info 3 /INPUT 4 "DATA";
    .port_info 4 /OUTPUT 4 "OUT";
P_0000018f28d8d740 .param/l "WIDTH" 0 5 2, +C4<00000000000000000000000000000100>;
v0000018f28d9f9b0_0 .net "DATA", 3 0, o0000018f28db0908;  alias, 0 drivers
v0000018f28da04f0_0 .var "OUT", 3 0;
v0000018f28d9fe10_0 .net "clk", 0 0, o0000018f28db03f8;  alias, 0 drivers
v0000018f28d9fc30_0 .net "reset", 0 0, L_0000018f28dfd8c0;  1 drivers
v0000018f28da0310_0 .net "we", 0 0, v0000018f28da0270_0;  alias, 1 drivers
S_0000018f28e96d50 .scope module, "MemToRegRegE" "Register_reset" 3 69, 4 1 0, S_0000018f28d63f40;
 .timescale 0 0;
    .port_info 0 /INPUT 1 "clk";
    .port_info 1 /INPUT 1 "reset";
    .port_info 2 /INPUT 1 "DATA";
    .port_info 3 /OUTPUT 1 "OUT";
P_0000018f28d8cf40 .param/l "WIDTH" 0 4 2, +C4<00000000000000000000000000000001>;
v0000018f28da03b0_0 .net "DATA", 0 0, L_0000018f28da42d0;  alias, 1 drivers
v0000018f28d9fa50_0 .var "OUT", 0 0;
v0000018f28da09f0_0 .net "clk", 0 0, o0000018f28db03f8;  alias, 0 drivers
v0000018f28d9f730_0 .net "reset", 0 0, L_0000018f28dfe260;  1 drivers
S_0000018f28eb2010 .scope module, "MemToRegRegM" "Register_reset" 3 89, 4 1 0, S_0000018f28d63f40;
 .timescale 0 0;
    .port_info 0 /INPUT 1 "clk";
    .port_info 1 /INPUT 1 "reset";
    .port_info 2 /INPUT 1 "DATA";
    .port_info 3 /OUTPUT 1 "OUT";
P_0000018f28d8d4c0 .param/l "WIDTH" 0 4 2, +C4<00000000000000000000000000000001>;
v0000018f28d9faf0_0 .net "DATA", 0 0, L_0000018f28dfdc40;  1 drivers
v0000018f28d9f2d0_0 .var "OUT", 0 0;
v0000018f28d9fb90_0 .net "clk", 0 0, o0000018f28db03f8;  alias, 0 drivers
v0000018f28d9fcd0_0 .net "reset", 0 0, o0000018f28db0c38;  alias, 0 drivers
S_0000018f28eb21a0 .scope module, "MemToRegRegW" "Register_reset" 3 97, 4 1 0, S_0000018f28d63f40;
 .timescale 0 0;
    .port_info 0 /INPUT 1 "clk";
    .port_info 1 /INPUT 1 "reset";
    .port_info 2 /INPUT 1 "DATA";
    .port_info 3 /OUTPUT 1 "OUT";
P_0000018f28d8d0c0 .param/l "WIDTH" 0 4 2, +C4<00000000000000000000000000000001>;
v0000018f28da0a90_0 .net "DATA", 0 0, v0000018f28d9f2d0_0;  alias, 1 drivers
v0000018f28da0450_0 .var "OUT", 0 0;
v0000018f28da0590_0 .net "clk", 0 0, o0000018f28db03f8;  alias, 0 drivers
v0000018f28da0630_0 .net "reset", 0 0, o0000018f28db0c38;  alias, 0 drivers
S_0000018f28eb2330 .scope module, "MemWriteRegE" "Register_reset" 3 70, 4 1 0, S_0000018f28d63f40;
 .timescale 0 0;
    .port_info 0 /INPUT 1 "clk";
    .port_info 1 /INPUT 1 "reset";
    .port_info 2 /INPUT 1 "DATA";
    .port_info 3 /OUTPUT 1 "OUT";
P_0000018f28d8d400 .param/l "WIDTH" 0 4 2, +C4<00000000000000000000000000000001>;
v0000018f28da06d0_0 .net "DATA", 0 0, L_0000018f28da4960;  alias, 1 drivers
v0000018f28d9feb0_0 .var "OUT", 0 0;
v0000018f28da0bd0_0 .net "clk", 0 0, o0000018f28db03f8;  alias, 0 drivers
v0000018f28da0770_0 .net "reset", 0 0, L_0000018f28dfdd90;  1 drivers
S_0000018f28eb24c0 .scope module, "MemWriteRegM" "Register_reset" 3 90, 4 1 0, S_0000018f28d63f40;
 .timescale 0 0;
    .port_info 0 /INPUT 1 "clk";
    .port_info 1 /INPUT 1 "reset";
    .port_info 2 /INPUT 1 "DATA";
    .port_info 3 /OUTPUT 1 "OUT";
P_0000018f28d8cd40 .param/l "WIDTH" 0 4 2, +C4<00000000000000000000000000000001>;
v0000018f28d9f190_0 .net "DATA", 0 0, L_0000018f28dfe500;  1 drivers
v0000018f28da0810_0 .var "OUT", 0 0;
v0000018f28d9f230_0 .net "clk", 0 0, o0000018f28db03f8;  alias, 0 drivers
v0000018f28d9f370_0 .net "reset", 0 0, o0000018f28db0c38;  alias, 0 drivers
S_0000018f28eb2650 .scope module, "PCSrcRegE" "Register_reset" 3 67, 4 1 0, S_0000018f28d63f40;
 .timescale 0 0;
    .port_info 0 /INPUT 1 "clk";
    .port_info 1 /INPUT 1 "reset";
    .port_info 2 /INPUT 1 "DATA";
    .port_info 3 /OUTPUT 1 "OUT";
P_0000018f28d8d500 .param/l "WIDTH" 0 4 2, +C4<00000000000000000000000000000001>;
v0000018f28d93cf0_0 .net "DATA", 0 0, L_0000018f28da4730;  alias, 1 drivers
v0000018f28d93b10_0 .var "OUT", 0 0;
v0000018f28d93e30_0 .net "clk", 0 0, o0000018f28db03f8;  alias, 0 drivers
v0000018f28d94ab0_0 .net "reset", 0 0, L_0000018f28dfe3b0;  1 drivers
S_0000018f28eb27e0 .scope module, "PCSrcRegM" "Register_reset" 3 87, 4 1 0, S_0000018f28d63f40;
 .timescale 0 0;
    .port_info 0 /INPUT 1 "clk";
    .port_info 1 /INPUT 1 "reset";
    .port_info 2 /INPUT 1 "DATA";
    .port_info 3 /OUTPUT 1 "OUT";
P_0000018f28d8ce00 .param/l "WIDTH" 0 4 2, +C4<00000000000000000000000000000001>;
v0000018f28d95410_0 .net "DATA", 0 0, L_0000018f28dfdfc0;  1 drivers
v0000018f28d940b0_0 .var "OUT", 0 0;
v0000018f28d95550_0 .net "clk", 0 0, o0000018f28db03f8;  alias, 0 drivers
v0000018f28d94fb0_0 .net "reset", 0 0, o0000018f28db0c38;  alias, 0 drivers
S_0000018f28eb2970 .scope module, "PCSrcRegW" "Register_reset" 3 95, 4 1 0, S_0000018f28d63f40;
 .timescale 0 0;
    .port_info 0 /INPUT 1 "clk";
    .port_info 1 /INPUT 1 "reset";
    .port_info 2 /INPUT 1 "DATA";
    .port_info 3 /OUTPUT 1 "OUT";
P_0000018f28d8d540 .param/l "WIDTH" 0 4 2, +C4<00000000000000000000000000000001>;
v0000018f28d94470_0 .net "DATA", 0 0, v0000018f28d940b0_0;  alias, 1 drivers
v0000018f28d94dd0_0 .var "OUT", 0 0;
v0000018f28d94bf0_0 .net "clk", 0 0, o0000018f28db03f8;  alias, 0 drivers
v0000018f28d94e70_0 .net "reset", 0 0, o0000018f28db0c38;  alias, 0 drivers
S_0000018f28eb2b00 .scope module, "RegWriteRegE" "Register_reset" 3 68, 4 1 0, S_0000018f28d63f40;
 .timescale 0 0;
    .port_info 0 /INPUT 1 "clk";
    .port_info 1 /INPUT 1 "reset";
    .port_info 2 /INPUT 1 "DATA";
    .port_info 3 /OUTPUT 1 "OUT";
P_0000018f28d8d000 .param/l "WIDTH" 0 4 2, +C4<00000000000000000000000000000001>;
v0000018f28d94510_0 .net "DATA", 0 0, L_0000018f28da4490;  alias, 1 drivers
v0000018f28d950f0_0 .var "OUT", 0 0;
v0000018f28deda10_0 .net "clk", 0 0, o0000018f28db03f8;  alias, 0 drivers
v0000018f28ded1f0_0 .net "reset", 0 0, L_0000018f28dfe1f0;  1 drivers
S_0000018f28dee2b0 .scope module, "RegWriteRegM" "Register_reset" 3 88, 4 1 0, S_0000018f28d63f40;
 .timescale 0 0;
    .port_info 0 /INPUT 1 "clk";
    .port_info 1 /INPUT 1 "reset";
    .port_info 2 /INPUT 1 "DATA";
    .port_info 3 /OUTPUT 1 "OUT";
P_0000018f28d8cd80 .param/l "WIDTH" 0 4 2, +C4<00000000000000000000000000000001>;
v0000018f28ded650_0 .net "DATA", 0 0, L_0000018f28dfdb60;  1 drivers
v0000018f28dec610_0 .var "OUT", 0 0;
v0000018f28dec750_0 .net "clk", 0 0, o0000018f28db03f8;  alias, 0 drivers
v0000018f28dec930_0 .net "reset", 0 0, o0000018f28db0c38;  alias, 0 drivers
S_0000018f28eb3000 .scope module, "RegWriteRegW" "Register_reset" 3 96, 4 1 0, S_0000018f28d63f40;
 .timescale 0 0;
    .port_info 0 /INPUT 1 "clk";
    .port_info 1 /INPUT 1 "reset";
    .port_info 2 /INPUT 1 "DATA";
    .port_info 3 /OUTPUT 1 "OUT";
P_0000018f28d8d580 .param/l "WIDTH" 0 4 2, +C4<00000000000000000000000000000001>;
v0000018f28dedab0_0 .net "DATA", 0 0, v0000018f28dec610_0;  alias, 1 drivers
v0000018f28ded010_0 .var "OUT", 0 0;
v0000018f28deddd0_0 .net "clk", 0 0, o0000018f28db03f8;  alias, 0 drivers
v0000018f28dedf10_0 .net "reset", 0 0, o0000018f28db0c38;  alias, 0 drivers
S_0000018f28eb2ce0 .scope module, "condRegE" "Register_reset" 3 73, 4 1 0, S_0000018f28d63f40;
 .timescale 0 0;
    .port_info 0 /INPUT 1 "clk";
    .port_info 1 /INPUT 1 "reset";
    .port_info 2 /INPUT 4 "DATA";
    .port_info 3 /OUTPUT 4 "OUT";
P_0000018f28d8d700 .param/l "WIDTH" 0 4 2, +C4<00000000000000000000000000000100>;
v0000018f28dec7f0_0 .net "DATA", 3 0, L_0000018f28eb4720;  alias, 1 drivers
v0000018f28dedfb0_0 .var "OUT", 3 0;
v0000018f28decb10_0 .net "clk", 0 0, o0000018f28db03f8;  alias, 0 drivers
v0000018f28deca70_0 .net "reset", 0 0, L_0000018f28dfe0a0;  1 drivers
S_0000018f28eb3640 .scope module, "linkRegE" "Register_reset" 3 78, 4 1 0, S_0000018f28d63f40;
 .timescale 0 0;
    .port_info 0 /INPUT 1 "clk";
    .port_info 1 /INPUT 1 "reset";
    .port_info 2 /INPUT 1 "DATA";
    .port_info 3 /OUTPUT 1 "OUT";
P_0000018f28d8cc40 .param/l "WIDTH" 0 4 2, +C4<00000000000000000000000000000001>;
v0000018f28dedb50_0 .net "DATA", 0 0, L_0000018f28da4570;  alias, 1 drivers
v0000018f28dee0f0_0 .var "OUT", 0 0;
v0000018f28decf70_0 .net "clk", 0 0, o0000018f28db03f8;  alias, 0 drivers
v0000018f28ded8d0_0 .net "reset", 0 0, L_0000018f28dfe420;  1 drivers
S_0000018f28eb3320 .scope module, "linkRegM" "Register_reset" 3 91, 4 1 0, S_0000018f28d63f40;
 .timescale 0 0;
    .port_info 0 /INPUT 1 "clk";
    .port_info 1 /INPUT 1 "reset";
    .port_info 2 /INPUT 1 "DATA";
    .port_info 3 /OUTPUT 1 "OUT";
P_0000018f28d8d100 .param/l "WIDTH" 0 4 2, +C4<00000000000000000000000000000001>;
v0000018f28dec9d0_0 .net "DATA", 0 0, v0000018f28dee0f0_0;  alias, 1 drivers
v0000018f28ded6f0_0 .var "OUT", 0 0;
v0000018f28dec890_0 .net "clk", 0 0, o0000018f28db03f8;  alias, 0 drivers
v0000018f28dedbf0_0 .net "reset", 0 0, L_0000018f28dfda10;  1 drivers
S_0000018f28eb2e70 .scope module, "linkRegW" "Register_reset" 3 98, 4 1 0, S_0000018f28d63f40;
 .timescale 0 0;
    .port_info 0 /INPUT 1 "clk";
    .port_info 1 /INPUT 1 "reset";
    .port_info 2 /INPUT 1 "DATA";
    .port_info 3 /OUTPUT 1 "OUT";
P_0000018f28d8d640 .param/l "WIDTH" 0 4 2, +C4<00000000000000000000000000000001>;
v0000018f28dee190_0 .net "DATA", 0 0, v0000018f28ded6f0_0;  alias, 1 drivers
v0000018f28dec6b0_0 .var "OUT", 0 0;
v0000018f28ded790_0 .net "clk", 0 0, o0000018f28db03f8;  alias, 0 drivers
v0000018f28dee050_0 .net "reset", 0 0, L_0000018f28dfdd20;  1 drivers
S_0000018f28eb3af0 .scope module, "shamtRegE" "Register_reset" 3 77, 4 1 0, S_0000018f28d63f40;
 .timescale 0 0;
    .port_info 0 /INPUT 1 "clk";
    .port_info 1 /INPUT 1 "reset";
    .port_info 2 /INPUT 5 "DATA";
    .port_info 3 /OUTPUT 5 "OUT";
P_0000018f28d8d380 .param/l "WIDTH" 0 4 2, +C4<00000000000000000000000000000101>;
v0000018f28dec2f0_0 .net "DATA", 4 0, L_0000018f28f11260;  alias, 1 drivers
v0000018f28ded970_0 .var "OUT", 4 0;
v0000018f28dede70_0 .net "clk", 0 0, o0000018f28db03f8;  alias, 0 drivers
v0000018f28ded830_0 .net "reset", 0 0, L_0000018f28dfd7e0;  1 drivers
S_0000018f28eb34b0 .scope module, "shcontrolRegE" "Register_reset" 3 76, 4 1 0, S_0000018f28d63f40;
 .timescale 0 0;
    .port_info 0 /INPUT 1 "clk";
    .port_info 1 /INPUT 1 "reset";
    .port_info 2 /INPUT 2 "DATA";
    .port_info 3 /OUTPUT 2 "OUT";
P_0000018f28d8cc00 .param/l "WIDTH" 0 4 2, +C4<00000000000000000000000000000010>;
v0000018f28decbb0_0 .net "DATA", 1 0, L_0000018f28eb5b20;  alias, 1 drivers
v0000018f28decd90_0 .var "OUT", 1 0;
v0000018f28ded150_0 .net "clk", 0 0, o0000018f28db03f8;  alias, 0 drivers
v0000018f28ded470_0 .net "reset", 0 0, L_0000018f28dfda80;  1 drivers
    .scope S_0000018f28eb2650;
T_0 ;
    %pushi/vec4 0, 0, 1;
    %assign/vec4 v0000018f28d93b10_0, 0;
    %end;
    .thread T_0;
    .scope S_0000018f28eb2650;
T_1 ;
    %wait E_0000018f28d8d5c0;
    %load/vec4 v0000018f28d94ab0_0;
    %cmpi/e 1, 0, 1;
    %jmp/0xz  T_1.0, 4;
    %pushi/vec4 0, 0, 1;
    %assign/vec4 v0000018f28d93b10_0, 0;
    %jmp T_1.1;
T_1.0 ;
    %load/vec4 v0000018f28d93cf0_0;
    %assign/vec4 v0000018f28d93b10_0, 0;
T_1.1 ;
    %jmp T_1;
    .thread T_1;
    .scope S_0000018f28eb2b00;
T_2 ;
    %pushi/vec4 0, 0, 1;
    %assign/vec4 v0000018f28d950f0_0, 0;
    %end;
    .thread T_2;
    .scope S_0000018f28eb2b00;
T_3 ;
    %wait E_0000018f28d8d5c0;
    %load/vec4 v0000018f28ded1f0_0;
    %cmpi/e 1, 0, 1;
    %jmp/0xz  T_3.0, 4;
    %pushi/vec4 0, 0, 1;
    %assign/vec4 v0000018f28d950f0_0, 0;
    %jmp T_3.1;
T_3.0 ;
    %load/vec4 v0000018f28d94510_0;
    %assign/vec4 v0000018f28d950f0_0, 0;
T_3.1 ;
    %jmp T_3;
    .thread T_3;
    .scope S_0000018f28e96d50;
T_4 ;
    %pushi/vec4 0, 0, 1;
    %assign/vec4 v0000018f28d9fa50_0, 0;
    %end;
    .thread T_4;
    .scope S_0000018f28e96d50;
T_5 ;
    %wait E_0000018f28d8d5c0;
    %load/vec4 v0000018f28d9f730_0;
    %cmpi/e 1, 0, 1;
    %jmp/0xz  T_5.0, 4;
    %pushi/vec4 0, 0, 1;
    %assign/vec4 v0000018f28d9fa50_0, 0;
    %jmp T_5.1;
T_5.0 ;
    %load/vec4 v0000018f28da03b0_0;
    %assign/vec4 v0000018f28d9fa50_0, 0;
T_5.1 ;
    %jmp T_5;
    .thread T_5;
    .scope S_0000018f28eb2330;
T_6 ;
    %pushi/vec4 0, 0, 1;
    %assign/vec4 v0000018f28d9feb0_0, 0;
    %end;
    .thread T_6;
    .scope S_0000018f28eb2330;
T_7 ;
    %wait E_0000018f28d8d5c0;
    %load/vec4 v0000018f28da0770_0;
    %cmpi/e 1, 0, 1;
    %jmp/0xz  T_7.0, 4;
    %pushi/vec4 0, 0, 1;
    %assign/vec4 v0000018f28d9feb0_0, 0;
    %jmp T_7.1;
T_7.0 ;
    %load/vec4 v0000018f28da06d0_0;
    %assign/vec4 v0000018f28d9feb0_0, 0;
T_7.1 ;
    %jmp T_7;
    .thread T_7;
    .scope S_0000018f28d653a0;
T_8 ;
    %pushi/vec4 0, 0, 1;
    %assign/vec4 v0000018f28d9ef10_0, 0;
    %end;
    .thread T_8;
    .scope S_0000018f28d653a0;
T_9 ;
    %wait E_0000018f28d8d5c0;
    %load/vec4 v0000018f28d9f4b0_0;
    %cmpi/e 1, 0, 1;
    %jmp/0xz  T_9.0, 4;
    %pushi/vec4 0, 0, 1;
    %assign/vec4 v0000018f28d9ef10_0, 0;
    %jmp T_9.1;
T_9.0 ;
    %load/vec4 v0000018f28d9fd70_0;
    %assign/vec4 v0000018f28d9ef10_0, 0;
T_9.1 ;
    %jmp T_9;
    .thread T_9;
    .scope S_0000018f28d622f0;
T_10 ;
    %pushi/vec4 0, 0, 4;
    %assign/vec4 v0000018f28d9ff50_0, 0;
    %end;
    .thread T_10;
    .scope S_0000018f28d622f0;
T_11 ;
    %wait E_0000018f28d8d5c0;
    %load/vec4 v0000018f28da08b0_0;
    %cmpi/e 1, 0, 1;
    %jmp/0xz  T_11.0, 4;
    %pushi/vec4 0, 0, 4;
    %assign/vec4 v0000018f28d9ff50_0, 0;
    %jmp T_11.1;
T_11.0 ;
    %load/vec4 v0000018f28d9f7d0_0;
    %assign/vec4 v0000018f28d9ff50_0, 0;
T_11.1 ;
    %jmp T_11;
    .thread T_11;
    .scope S_0000018f28eb2ce0;
T_12 ;
    %pushi/vec4 0, 0, 4;
    %assign/vec4 v0000018f28dedfb0_0, 0;
    %end;
    .thread T_12;
    .scope S_0000018f28eb2ce0;
T_13 ;
    %wait E_0000018f28d8d5c0;
    %load/vec4 v0000018f28deca70_0;
    %cmpi/e 1, 0, 1;
    %jmp/0xz  T_13.0, 4;
    %pushi/vec4 0, 0, 4;
    %assign/vec4 v0000018f28dedfb0_0, 0;
    %jmp T_13.1;
T_13.0 ;
    %load/vec4 v0000018f28dec7f0_0;
    %assign/vec4 v0000018f28dedfb0_0, 0;
T_13.1 ;
    %jmp T_13;
    .thread T_13;
    .scope S_0000018f28d65210;
T_14 ;
    %pushi/vec4 0, 0, 1;
    %assign/vec4 v0000018f28d9f910_0, 0;
    %end;
    .thread T_14;
    .scope S_0000018f28d65210;
T_15 ;
    %wait E_0000018f28d8d5c0;
    %load/vec4 v0000018f28d9efb0_0;
    %cmpi/e 1, 0, 1;
    %jmp/0xz  T_15.0, 4;
    %pushi/vec4 0, 0, 1;
    %assign/vec4 v0000018f28d9f910_0, 0;
    %jmp T_15.1;
T_15.0 ;
    %load/vec4 v0000018f28da0950_0;
    %assign/vec4 v0000018f28d9f910_0, 0;
T_15.1 ;
    %jmp T_15;
    .thread T_15;
    .scope S_0000018f28e96a30;
T_16 ;
    %pushi/vec4 0, 0, 1;
    %assign/vec4 v0000018f28da0270_0, 0;
    %end;
    .thread T_16;
    .scope S_0000018f28e96a30;
T_17 ;
    %wait E_0000018f28d8d5c0;
    %load/vec4 v0000018f28d9f050_0;
    %cmpi/e 1, 0, 1;
    %jmp/0xz  T_17.0, 4;
    %pushi/vec4 0, 0, 1;
    %assign/vec4 v0000018f28da0270_0, 0;
    %jmp T_17.1;
T_17.0 ;
    %load/vec4 v0000018f28da0c70_0;
    %assign/vec4 v0000018f28da0270_0, 0;
T_17.1 ;
    %jmp T_17;
    .thread T_17;
    .scope S_0000018f28eb34b0;
T_18 ;
    %pushi/vec4 0, 0, 2;
    %assign/vec4 v0000018f28decd90_0, 0;
    %end;
    .thread T_18;
    .scope S_0000018f28eb34b0;
T_19 ;
    %wait E_0000018f28d8d5c0;
    %load/vec4 v0000018f28ded470_0;
    %cmpi/e 1, 0, 1;
    %jmp/0xz  T_19.0, 4;
    %pushi/vec4 0, 0, 2;
    %assign/vec4 v0000018f28decd90_0, 0;
    %jmp T_19.1;
T_19.0 ;
    %load/vec4 v0000018f28decbb0_0;
    %assign/vec4 v0000018f28decd90_0, 0;
T_19.1 ;
    %jmp T_19;
    .thread T_19;
    .scope S_0000018f28eb3af0;
T_20 ;
    %pushi/vec4 0, 0, 5;
    %assign/vec4 v0000018f28ded970_0, 0;
    %end;
    .thread T_20;
    .scope S_0000018f28eb3af0;
T_21 ;
    %wait E_0000018f28d8d5c0;
    %load/vec4 v0000018f28ded830_0;
    %cmpi/e 1, 0, 1;
    %jmp/0xz  T_21.0, 4;
    %pushi/vec4 0, 0, 5;
    %assign/vec4 v0000018f28ded970_0, 0;
    %jmp T_21.1;
T_21.0 ;
    %load/vec4 v0000018f28dec2f0_0;
    %assign/vec4 v0000018f28ded970_0, 0;
T_21.1 ;
    %jmp T_21;
    .thread T_21;
    .scope S_0000018f28eb3640;
T_22 ;
    %pushi/vec4 0, 0, 1;
    %assign/vec4 v0000018f28dee0f0_0, 0;
    %end;
    .thread T_22;
    .scope S_0000018f28eb3640;
T_23 ;
    %wait E_0000018f28d8d5c0;
    %load/vec4 v0000018f28ded8d0_0;
    %cmpi/e 1, 0, 1;
    %jmp/0xz  T_23.0, 4;
    %pushi/vec4 0, 0, 1;
    %assign/vec4 v0000018f28dee0f0_0, 0;
    %jmp T_23.1;
T_23.0 ;
    %load/vec4 v0000018f28dedb50_0;
    %assign/vec4 v0000018f28dee0f0_0, 0;
T_23.1 ;
    %jmp T_23;
    .thread T_23;
    .scope S_0000018f28e96bc0;
T_24 ;
    %pushi/vec4 0, 0, 4;
    %assign/vec4 v0000018f28da04f0_0, 0;
    %end;
    .thread T_24;
    .scope S_0000018f28e96bc0;
T_25 ;
    %wait E_0000018f28d8d5c0;
    %load/vec4 v0000018f28d9fc30_0;
    %cmpi/e 1, 0, 1;
    %jmp/0xz  T_25.0, 4;
    %pushi/vec4 0, 0, 4;
    %assign/vec4 v0000018f28da04f0_0, 0;
    %jmp T_25.1;
T_25.0 ;
    %load/vec4 v0000018f28da0310_0;
    %cmpi/e 1, 0, 1;
    %jmp/0xz  T_25.2, 4;
    %load/vec4 v0000018f28d9f9b0_0;
    %assign/vec4 v0000018f28da04f0_0, 0;
T_25.2 ;
T_25.1 ;
    %jmp T_25;
    .thread T_25;
    .scope S_0000018f28eb27e0;
T_26 ;
    %pushi/vec4 0, 0, 1;
    %assign/vec4 v0000018f28d940b0_0, 0;
    %end;
    .thread T_26;
    .scope S_0000018f28eb27e0;
T_27 ;
    %wait E_0000018f28d8d5c0;
    %load/vec4 v0000018f28d94fb0_0;
    %cmpi/e 1, 0, 1;
    %jmp/0xz  T_27.0, 4;
    %pushi/vec4 0, 0, 1;
    %assign/vec4 v0000018f28d940b0_0, 0;
    %jmp T_27.1;
T_27.0 ;
    %load/vec4 v0000018f28d95410_0;
    %assign/vec4 v0000018f28d940b0_0, 0;
T_27.1 ;
    %jmp T_27;
    .thread T_27;
    .scope S_0000018f28dee2b0;
T_28 ;
    %pushi/vec4 0, 0, 1;
    %assign/vec4 v0000018f28dec610_0, 0;
    %end;
    .thread T_28;
    .scope S_0000018f28dee2b0;
T_29 ;
    %wait E_0000018f28d8d5c0;
    %load/vec4 v0000018f28dec930_0;
    %cmpi/e 1, 0, 1;
    %jmp/0xz  T_29.0, 4;
    %pushi/vec4 0, 0, 1;
    %assign/vec4 v0000018f28dec610_0, 0;
    %jmp T_29.1;
T_29.0 ;
    %load/vec4 v0000018f28ded650_0;
    %assign/vec4 v0000018f28dec610_0, 0;
T_29.1 ;
    %jmp T_29;
    .thread T_29;
    .scope S_0000018f28eb2010;
T_30 ;
    %pushi/vec4 0, 0, 1;
    %assign/vec4 v0000018f28d9f2d0_0, 0;
    %end;
    .thread T_30;
    .scope S_0000018f28eb2010;
T_31 ;
    %wait E_0000018f28d8d5c0;
    %load/vec4 v0000018f28d9fcd0_0;
    %cmpi/e 1, 0, 1;
    %jmp/0xz  T_31.0, 4;
    %pushi/vec4 0, 0, 1;
    %assign/vec4 v0000018f28d9f2d0_0, 0;
    %jmp T_31.1;
T_31.0 ;
    %load/vec4 v0000018f28d9faf0_0;
    %assign/vec4 v0000018f28d9f2d0_0, 0;
T_31.1 ;
    %jmp T_31;
    .thread T_31;
    .scope S_0000018f28eb24c0;
T_32 ;
    %pushi/vec4 0, 0, 1;
    %assign/vec4 v0000018f28da0810_0, 0;
    %end;
    .thread T_32;
    .scope S_0000018f28eb24c0;
T_33 ;
    %wait E_0000018f28d8d5c0;
    %load/vec4 v0000018f28d9f370_0;
    %cmpi/e 1, 0, 1;
    %jmp/0xz  T_33.0, 4;
    %pushi/vec4 0, 0, 1;
    %assign/vec4 v0000018f28da0810_0, 0;
    %jmp T_33.1;
T_33.0 ;
    %load/vec4 v0000018f28d9f190_0;
    %assign/vec4 v0000018f28da0810_0, 0;
T_33.1 ;
    %jmp T_33;
    .thread T_33;
    .scope S_0000018f28eb3320;
T_34 ;
    %pushi/vec4 0, 0, 1;
    %assign/vec4 v0000018f28ded6f0_0, 0;
    %end;
    .thread T_34;
    .scope S_0000018f28eb3320;
T_35 ;
    %wait E_0000018f28d8d5c0;
    %load/vec4 v0000018f28dedbf0_0;
    %cmpi/e 1, 0, 1;
    %jmp/0xz  T_35.0, 4;
    %pushi/vec4 0, 0, 1;
    %assign/vec4 v0000018f28ded6f0_0, 0;
    %jmp T_35.1;
T_35.0 ;
    %load/vec4 v0000018f28dec9d0_0;
    %assign/vec4 v0000018f28ded6f0_0, 0;
T_35.1 ;
    %jmp T_35;
    .thread T_35;
    .scope S_0000018f28eb2970;
T_36 ;
    %pushi/vec4 0, 0, 1;
    %assign/vec4 v0000018f28d94dd0_0, 0;
    %end;
    .thread T_36;
    .scope S_0000018f28eb2970;
T_37 ;
    %wait E_0000018f28d8d5c0;
    %load/vec4 v0000018f28d94e70_0;
    %cmpi/e 1, 0, 1;
    %jmp/0xz  T_37.0, 4;
    %pushi/vec4 0, 0, 1;
    %assign/vec4 v0000018f28d94dd0_0, 0;
    %jmp T_37.1;
T_37.0 ;
    %load/vec4 v0000018f28d94470_0;
    %assign/vec4 v0000018f28d94dd0_0, 0;
T_37.1 ;
    %jmp T_37;
    .thread T_37;
    .scope S_0000018f28eb3000;
T_38 ;
    %pushi/vec4 0, 0, 1;
    %assign/vec4 v0000018f28ded010_0, 0;
    %end;
    .thread T_38;
    .scope S_0000018f28eb3000;
T_39 ;
    %wait E_0000018f28d8d5c0;
    %load/vec4 v0000018f28dedf10_0;
    %cmpi/e 1, 0, 1;
    %jmp/0xz  T_39.0, 4;
    %pushi/vec4 0, 0, 1;
    %assign/vec4 v0000018f28ded010_0, 0;
    %jmp T_39.1;
T_39.0 ;
    %load/vec4 v0000018f28dedab0_0;
    %assign/vec4 v0000018f28ded010_0, 0;
T_39.1 ;
    %jmp T_39;
    .thread T_39;
    .scope S_0000018f28eb21a0;
T_40 ;
    %pushi/vec4 0, 0, 1;
    %assign/vec4 v0000018f28da0450_0, 0;
    %end;
    .thread T_40;
    .scope S_0000018f28eb21a0;
T_41 ;
    %wait E_0000018f28d8d5c0;
    %load/vec4 v0000018f28da0630_0;
    %cmpi/e 1, 0, 1;
    %jmp/0xz  T_41.0, 4;
    %pushi/vec4 0, 0, 1;
    %assign/vec4 v0000018f28da0450_0, 0;
    %jmp T_41.1;
T_41.0 ;
    %load/vec4 v0000018f28da0a90_0;
    %assign/vec4 v0000018f28da0450_0, 0;
T_41.1 ;
    %jmp T_41;
    .thread T_41;
    .scope S_0000018f28eb2e70;
T_42 ;
    %pushi/vec4 0, 0, 1;
    %assign/vec4 v0000018f28dec6b0_0, 0;
    %end;
    .thread T_42;
    .scope S_0000018f28eb2e70;
T_43 ;
    %wait E_0000018f28d8d5c0;
    %load/vec4 v0000018f28dee050_0;
    %cmpi/e 1, 0, 1;
    %jmp/0xz  T_43.0, 4;
    %pushi/vec4 0, 0, 1;
    %assign/vec4 v0000018f28dec6b0_0, 0;
    %jmp T_43.1;
T_43.0 ;
    %load/vec4 v0000018f28dee190_0;
    %assign/vec4 v0000018f28dec6b0_0, 0;
T_43.1 ;
    %jmp T_43;
    .thread T_43;
# The file index is used to find the file name in the following table.
:file_names 6;
    "N/A";
    "<interactive>";
    "Mux_2to1.v";
    "controller.v";
    "Register_reset.v";
    "Register_rsten.v";
