#! /c/Source/iverilog-install/bin/vvp
:ivl_version "12.0 (devel)" "(s20150603-1539-g2693dd32b)";
:ivl_delay_selection "TYPICAL";
:vpi_time_precision + 0;
:vpi_module "C:\iverilog\lib\ivl\system.vpi";
:vpi_module "C:\iverilog\lib\ivl\vhdl_sys.vpi";
:vpi_module "C:\iverilog\lib\ivl\vhdl_textio.vpi";
:vpi_module "C:\iverilog\lib\ivl\v2005_math.vpi";
:vpi_module "C:\iverilog\lib\ivl\va_math.vpi";
S_0000024dd80c6b40 .scope module, "hazard_unit" "hazard_unit" 2 1;
 .timescale 0 0;
    .port_info 0 /INPUT 1 "RESET";
    .port_info 1 /INPUT 1 "RegWriteM";
    .port_info 2 /INPUT 1 "RegWriteW";
    .port_info 3 /INPUT 1 "RegWriteE";
    .port_info 4 /INPUT 1 "CondExE";
    .port_info 5 /INPUT 1 "BranchTakenE";
    .port_info 6 /INPUT 1 "MemToRegE";
    .port_info 7 /INPUT 1 "PCSrcD";
    .port_info 8 /INPUT 1 "PCSrcE";
    .port_info 9 /INPUT 1 "PCSrcM";
    .port_info 10 /INPUT 4 "RA1E";
    .port_info 11 /INPUT 4 "WA3M";
    .port_info 12 /INPUT 4 "WA3W";
    .port_info 13 /INPUT 4 "RA2E";
    .port_info 14 /INPUT 4 "RA1D";
    .port_info 15 /INPUT 4 "WA3E";
    .port_info 16 /INPUT 4 "RA2D";
    .port_info 17 /OUTPUT 1 "StallF";
    .port_info 18 /OUTPUT 1 "StallD";
    .port_info 19 /OUTPUT 1 "FlushD";
    .port_info 20 /OUTPUT 1 "FlushE";
    .port_info 21 /OUTPUT 2 "ForwardAE";
    .port_info 22 /OUTPUT 2 "ForwardBE";
o0000024dd7fcb428 .functor BUFZ 1, C4<z>; HiZ drive
L_0000024dd7fbf2f0 .functor AND 1, L_0000024dd8019ab0, o0000024dd7fcb428, C4<1>, C4<1>;
o0000024dd7fcb458 .functor BUFZ 1, C4<z>; HiZ drive
L_0000024dd7fbf440 .functor AND 1, L_0000024dd8018f70, o0000024dd7fcb458, C4<1>, C4<1>;
L_0000024dd7fbf0c0 .functor AND 1, L_0000024dd8018610, o0000024dd7fcb428, C4<1>, C4<1>;
L_0000024dd7fbf130 .functor AND 1, L_0000024dd8019150, o0000024dd7fcb458, C4<1>, C4<1>;
L_0000024dd7fbf590 .functor OR 1, L_0000024dd80187f0, L_0000024dd8018890, C4<0>, C4<0>;
o0000024dd7fcb218 .functor BUFZ 1, C4<z>; HiZ drive
L_0000024dd7fbf050 .functor AND 1, L_0000024dd7fbf590, o0000024dd7fcb218, C4<1>, C4<1>;
o0000024dd7fcb008 .functor BUFZ 1, C4<z>; HiZ drive
L_0000024dd7fbf360 .functor AND 1, L_0000024dd7fbf050, o0000024dd7fcb008, C4<1>, C4<1>;
o0000024dd7fcb248 .functor BUFZ 1, C4<z>; HiZ drive
o0000024dd7fcb278 .functor BUFZ 1, C4<z>; HiZ drive
L_0000024dd7fbf4b0 .functor OR 1, o0000024dd7fcb248, o0000024dd7fcb278, C4<0>, C4<0>;
o0000024dd7fcb2a8 .functor BUFZ 1, C4<z>; HiZ drive
L_0000024dd7fbf520 .functor OR 1, L_0000024dd7fbf4b0, o0000024dd7fcb2a8, C4<0>, C4<0>;
L_0000024dd7fbf1a0 .functor OR 1, L_0000024dd7fbf360, L_0000024dd7fbf520, C4<0>, C4<0>;
L_0000024dd7fbefe0 .functor NOT 1, L_0000024dd7fbf1a0, C4<0>, C4<0>, C4<0>;
L_0000024dd7fbf600 .functor NOT 1, L_0000024dd7fbf360, C4<0>, C4<0>, C4<0>;
L_0000024dd7fbef70 .functor OR 1, L_0000024dd7fbf520, L_0000024dd7fbf520, C4<0>, C4<0>;
o0000024dd7fcafd8 .functor BUFZ 1, C4<z>; HiZ drive
L_0000024dd7fbf3d0 .functor OR 1, L_0000024dd7fbef70, o0000024dd7fcafd8, C4<0>, C4<0>;
o0000024dd7fcb3c8 .functor BUFZ 1, C4<z>; HiZ drive
L_0000024dd7fbf280 .functor OR 1, L_0000024dd7fbf3d0, o0000024dd7fcb3c8, C4<0>, C4<0>;
L_0000024dd7fbf670 .functor NOT 1, L_0000024dd7fbf600, C4<0>, C4<0>, C4<0>;
L_0000024dd806b1c0 .functor OR 1, L_0000024dd7fbf670, o0000024dd7fcafd8, C4<0>, C4<0>;
L_0000024dd806b620 .functor OR 1, L_0000024dd806b1c0, o0000024dd7fcb3c8, C4<0>, C4<0>;
v0000024dd7fbbcf0_0 .net "BranchTakenE", 0 0, o0000024dd7fcafd8;  0 drivers
v0000024dd7fbb430_0 .net "CondExE", 0 0, o0000024dd7fcb008;  0 drivers
v0000024dd7fbb9d0_0 .net "FlushD", 0 0, L_0000024dd7fbf280;  1 drivers
v0000024dd7fbbb10_0 .net "FlushE", 0 0, L_0000024dd806b620;  1 drivers
v0000024dd7fbc330_0 .net "ForwardAE", 1 0, L_0000024dd80190b0;  1 drivers
v0000024dd7fbba70_0 .net "ForwardBE", 1 0, L_0000024dd80186b0;  1 drivers
v0000024dd7fbc150_0 .net "LDRStall", 0 0, L_0000024dd7fbf360;  1 drivers
v0000024dd7fbbe30_0 .net "Match_12D_E", 0 0, L_0000024dd7fbf590;  1 drivers
v0000024dd7fbbed0_0 .net "Match_1E_M", 0 0, L_0000024dd8019ab0;  1 drivers
v0000024dd7fbb4d0_0 .net "Match_1E_W", 0 0, L_0000024dd8018f70;  1 drivers
v0000024dd7fbbf70_0 .net "Match_2E_M", 0 0, L_0000024dd8018610;  1 drivers
v0000024dd7fbc1f0_0 .net "Match_2E_W", 0 0, L_0000024dd8019150;  1 drivers
v0000024dd7fbc290_0 .net "MemToRegE", 0 0, o0000024dd7fcb218;  0 drivers
v0000024dd7fbb570_0 .net "PCSrcD", 0 0, o0000024dd7fcb248;  0 drivers
v0000024dd8019b50_0 .net "PCSrcE", 0 0, o0000024dd7fcb278;  0 drivers
v0000024dd8017cb0_0 .net "PCSrcM", 0 0, o0000024dd7fcb2a8;  0 drivers
v0000024dd80191f0_0 .net "PCWrPendingF", 0 0, L_0000024dd7fbf520;  1 drivers
o0000024dd7fcb308 .functor BUFZ 4, C4<zzzz>; HiZ drive
v0000024dd80196f0_0 .net "RA1D", 3 0, o0000024dd7fcb308;  0 drivers
o0000024dd7fcb338 .functor BUFZ 4, C4<zzzz>; HiZ drive
v0000024dd8019510_0 .net "RA1E", 3 0, o0000024dd7fcb338;  0 drivers
o0000024dd7fcb368 .functor BUFZ 4, C4<zzzz>; HiZ drive
v0000024dd8018110_0 .net "RA2D", 3 0, o0000024dd7fcb368;  0 drivers
o0000024dd7fcb398 .functor BUFZ 4, C4<zzzz>; HiZ drive
v0000024dd8018a70_0 .net "RA2E", 3 0, o0000024dd7fcb398;  0 drivers
v0000024dd8018d90_0 .net "RESET", 0 0, o0000024dd7fcb3c8;  0 drivers
o0000024dd7fcb3f8 .functor BUFZ 1, C4<z>; HiZ drive
v0000024dd8018430_0 .net "RegWriteE", 0 0, o0000024dd7fcb3f8;  0 drivers
v0000024dd8019790_0 .net "RegWriteM", 0 0, o0000024dd7fcb428;  0 drivers
v0000024dd8019330_0 .net "RegWriteW", 0 0, o0000024dd7fcb458;  0 drivers
v0000024dd8019830_0 .net "StallD", 0 0, L_0000024dd7fbf600;  1 drivers
v0000024dd8018bb0_0 .net "StallF", 0 0, L_0000024dd7fbefe0;  1 drivers
o0000024dd7fcb4e8 .functor BUFZ 4, C4<zzzz>; HiZ drive
v0000024dd8019470_0 .net "WA3E", 3 0, o0000024dd7fcb4e8;  0 drivers
o0000024dd7fcb518 .functor BUFZ 4, C4<zzzz>; HiZ drive
v0000024dd8018250_0 .net "WA3M", 3 0, o0000024dd7fcb518;  0 drivers
o0000024dd7fcb548 .functor BUFZ 4, C4<zzzz>; HiZ drive
v0000024dd80182f0_0 .net "WA3W", 3 0, o0000024dd7fcb548;  0 drivers
L_0000024dd8021cd0 .functor BUFT 1, C4<01>, C4<0>, C4<0>, C4<0>;
v0000024dd8017df0_0 .net/2u *"_ivl_10", 1 0, L_0000024dd8021cd0;  1 drivers
L_0000024dd8021d18 .functor BUFT 1, C4<00>, C4<0>, C4<0>, C4<0>;
v0000024dd8017f30_0 .net/2u *"_ivl_12", 1 0, L_0000024dd8021d18;  1 drivers
v0000024dd8018e30_0 .net *"_ivl_14", 1 0, L_0000024dd8019010;  1 drivers
v0000024dd80195b0_0 .net *"_ivl_22", 0 0, L_0000024dd7fbf0c0;  1 drivers
L_0000024dd8021d60 .functor BUFT 1, C4<10>, C4<0>, C4<0>, C4<0>;
v0000024dd8019a10_0 .net/2u *"_ivl_24", 1 0, L_0000024dd8021d60;  1 drivers
v0000024dd8017d50_0 .net *"_ivl_26", 0 0, L_0000024dd7fbf130;  1 drivers
L_0000024dd8021da8 .functor BUFT 1, C4<01>, C4<0>, C4<0>, C4<0>;
v0000024dd8018750_0 .net/2u *"_ivl_28", 1 0, L_0000024dd8021da8;  1 drivers
L_0000024dd8021df0 .functor BUFT 1, C4<00>, C4<0>, C4<0>, C4<0>;
v0000024dd8017e90_0 .net/2u *"_ivl_30", 1 0, L_0000024dd8021df0;  1 drivers
v0000024dd8017fd0_0 .net *"_ivl_32", 1 0, L_0000024dd80193d0;  1 drivers
v0000024dd8018c50_0 .net *"_ivl_36", 0 0, L_0000024dd80187f0;  1 drivers
v0000024dd80184d0_0 .net *"_ivl_38", 0 0, L_0000024dd8018890;  1 drivers
v0000024dd8019650_0 .net *"_ivl_4", 0 0, L_0000024dd7fbf2f0;  1 drivers
v0000024dd8018070_0 .net *"_ivl_42", 0 0, L_0000024dd7fbf050;  1 drivers
v0000024dd80198d0_0 .net *"_ivl_46", 0 0, L_0000024dd7fbf4b0;  1 drivers
v0000024dd80181b0_0 .net *"_ivl_50", 0 0, L_0000024dd7fbf1a0;  1 drivers
v0000024dd8018ed0_0 .net *"_ivl_56", 0 0, L_0000024dd7fbef70;  1 drivers
v0000024dd8019970_0 .net *"_ivl_58", 0 0, L_0000024dd7fbf3d0;  1 drivers
L_0000024dd8021c88 .functor BUFT 1, C4<10>, C4<0>, C4<0>, C4<0>;
v0000024dd8018cf0_0 .net/2u *"_ivl_6", 1 0, L_0000024dd8021c88;  1 drivers
v0000024dd8018390_0 .net *"_ivl_62", 0 0, L_0000024dd7fbf670;  1 drivers
v0000024dd8018570_0 .net *"_ivl_64", 0 0, L_0000024dd806b1c0;  1 drivers
v0000024dd8019290_0 .net *"_ivl_8", 0 0, L_0000024dd7fbf440;  1 drivers
L_0000024dd8019ab0 .cmp/eq 4, o0000024dd7fcb338, o0000024dd7fcb518;
L_0000024dd8018f70 .cmp/eq 4, o0000024dd7fcb338, o0000024dd7fcb548;
L_0000024dd8019010 .functor MUXZ 2, L_0000024dd8021d18, L_0000024dd8021cd0, L_0000024dd7fbf440, C4<>;
L_0000024dd80190b0 .functor MUXZ 2, L_0000024dd8019010, L_0000024dd8021c88, L_0000024dd7fbf2f0, C4<>;
L_0000024dd8018610 .cmp/eq 4, o0000024dd7fcb398, o0000024dd7fcb518;
L_0000024dd8019150 .cmp/eq 4, o0000024dd7fcb398, o0000024dd7fcb548;
L_0000024dd80193d0 .functor MUXZ 2, L_0000024dd8021df0, L_0000024dd8021da8, L_0000024dd7fbf130, C4<>;
L_0000024dd80186b0 .functor MUXZ 2, L_0000024dd80193d0, L_0000024dd8021d60, L_0000024dd7fbf0c0, C4<>;
L_0000024dd80187f0 .cmp/eq 4, o0000024dd7fcb308, o0000024dd7fcb4e8;
L_0000024dd8018890 .cmp/eq 4, o0000024dd7fcb368, o0000024dd7fcb4e8;
# The file index is used to find the file name in the following table.
:file_names 3;
    "N/A";
    "<interactive>";
    "hazard_unit.v";
