
*** Running vivado
    with args -log Nexys_A7.vds -m64 -product Vivado -mode batch -messageDb vivado.pb -notrace -source Nexys_A7.tcl



****** Vivado v2024.1 (64-bit)
  **** SW Build 5076996 on Wed May 22 18:37:14 MDT 2024
  **** IP Build 5075265 on Wed May 22 21:45:21 MDT 2024
  **** SharedData Build 5076995 on Wed May 22 18:29:18 MDT 2024
  **** Start of session at: Mon Apr 21 04:18:51 2025
    ** Copyright 1986-2022 Xilinx, Inc. All Rights Reserved.
    ** Copyright 2022-2024 Advanced Micro Devices, Inc. All Rights Reserved.

source Nexys_A7.tcl -notrace
create_project: Time (s): cpu = 00:00:06 ; elapsed = 00:00:06 . Memory (MB): peak = 491.555 ; gain = 200.695
Command: read_checkpoint -auto_incremental -incremental C:/Users/mertmihci/Desktop/odtu/EE446/lab4/lab4vivado/lab4vivado.srcs/utils_1/imports/synth_1/Nexys_A7.dcp
INFO: [Vivado 12-5825] Read reference checkpoint from C:/Users/mertmihci/Desktop/odtu/EE446/lab4/lab4vivado/lab4vivado.srcs/utils_1/imports/synth_1/Nexys_A7.dcp for incremental synthesis
INFO: [Vivado 12-7989] Please ensure there are no constraint changes
Command: synth_design -top Nexys_A7 -part xc7a100tcsg324-1
Starting synth_design
Attempting to get a license for feature 'Synthesis' and/or device 'xc7a100t'
INFO: [Common 17-349] Got license for feature 'Synthesis' and/or device 'xc7a100t'
INFO: [Device 21-403] Loading part xc7a100tcsg324-1
INFO: [Device 21-9227] Part: xc7a100tcsg324-1 does not have CEAM library.
INFO: [Designutils 20-5440] No compile time benefit to using incremental synthesis; A full resynthesis will be run
INFO: [Designutils 20-4379] Flow is switching to default flow due to incremental criteria not met. If you would like to alter this behaviour and have the flow terminate instead, please set the following parameter config_implementation {autoIncr.Synth.RejectBehavior Terminate}
INFO: [Synth 8-7079] Multithreading enabled for synth_design using a maximum of 2 processes.
INFO: [Synth 8-7078] Launching helper process for spawning children vivado processes
INFO: [Synth 8-7075] Helper process launched with PID 18896
---------------------------------------------------------------------------------
Starting RTL Elaboration : Time (s): cpu = 00:00:05 ; elapsed = 00:00:05 . Memory (MB): peak = 1366.922 ; gain = 448.934
---------------------------------------------------------------------------------
INFO: [Synth 8-11241] undeclared symbol 'BL', assumed default net type 'wire' [C:/Users/mertmihci/Desktop/odtu/EE446/lab4/lab4vivado/lab4vivado.srcs/sources_1/imports/lab4/controller.v:36]
INFO: [Synth 8-11241] undeclared symbol 'BranchD', assumed default net type 'wire' [C:/Users/mertmihci/Desktop/odtu/EE446/lab4/lab4vivado/lab4vivado.srcs/sources_1/imports/lab4/controller.v:52]
INFO: [Synth 8-11241] undeclared symbol 'PCW', assumed default net type 'wire' [C:/Users/mertmihci/Desktop/odtu/EE446/lab4/lab4vivado/lab4vivado.srcs/sources_1/imports/lab4/datapath.v:30]
WARNING: [Synth 8-8895] 'PCW' is already implicitly declared on line 30 [C:/Users/mertmihci/Desktop/odtu/EE446/lab4/lab4vivado/lab4vivado.srcs/sources_1/imports/lab4/datapath.v:67]
INFO: [Synth 8-6157] synthesizing module 'Nexys_A7' [C:/Users/mertmihci/Desktop/odtu/EE446/lab4/lab4vivado/lab4vivado.srcs/sources_1/imports/lab4/Project_top_module_exp2.v:3]
INFO: [Synth 8-6157] synthesizing module 'MSSD' [C:/Users/mertmihci/Desktop/odtu/EE446/lab4/lab4vivado/lab4vivado.srcs/sources_1/imports/lab4/MSSD.v:3]
INFO: [Synth 8-6157] synthesizing module 'SSD' [C:/Users/mertmihci/Desktop/odtu/EE446/lab4/lab4vivado/lab4vivado.srcs/sources_1/imports/lab4/SSD.v:3]
INFO: [Synth 8-6155] done synthesizing module 'SSD' (0#1) [C:/Users/mertmihci/Desktop/odtu/EE446/lab4/lab4vivado/lab4vivado.srcs/sources_1/imports/lab4/SSD.v:3]
INFO: [Synth 8-6155] done synthesizing module 'MSSD' (0#1) [C:/Users/mertmihci/Desktop/odtu/EE446/lab4/lab4vivado/lab4vivado.srcs/sources_1/imports/lab4/MSSD.v:3]
INFO: [Synth 8-6157] synthesizing module 'debouncer' [C:/Users/mertmihci/Desktop/odtu/EE446/lab4/lab4vivado/lab4vivado.srcs/sources_1/imports/lab4/debouncer.v:3]
INFO: [Synth 8-6155] done synthesizing module 'debouncer' (0#1) [C:/Users/mertmihci/Desktop/odtu/EE446/lab4/lab4vivado/lab4vivado.srcs/sources_1/imports/lab4/debouncer.v:3]
INFO: [Synth 8-6157] synthesizing module 'Pipeline_Computer' [C:/Users/mertmihci/Desktop/odtu/EE446/lab4/lab4vivado/lab4vivado.srcs/sources_1/imports/lab4/Pipeline_Computer.v:1]
INFO: [Synth 8-6157] synthesizing module 'datapath' [C:/Users/mertmihci/Desktop/odtu/EE446/lab4/lab4vivado/lab4vivado.srcs/sources_1/imports/lab4/datapath.v:1]
INFO: [Synth 8-6157] synthesizing module 'Register_rsten' [C:/Users/mertmihci/Desktop/odtu/EE446/lab4/lab4vivado/lab4vivado.srcs/sources_1/imports/lab4/Register_rsten.v:1]
	Parameter WIDTH bound to: 32 - type: integer 
INFO: [Synth 8-6155] done synthesizing module 'Register_rsten' (0#1) [C:/Users/mertmihci/Desktop/odtu/EE446/lab4/lab4vivado/lab4vivado.srcs/sources_1/imports/lab4/Register_rsten.v:1]
INFO: [Synth 8-6157] synthesizing module 'Adder' [C:/Users/mertmihci/Desktop/odtu/EE446/lab4/lab4vivado/lab4vivado.srcs/sources_1/imports/lab4/Adder.v:1]
INFO: [Synth 8-6155] done synthesizing module 'Adder' (0#1) [C:/Users/mertmihci/Desktop/odtu/EE446/lab4/lab4vivado/lab4vivado.srcs/sources_1/imports/lab4/Adder.v:1]
INFO: [Synth 8-6157] synthesizing module 'Mux_2to1' [C:/Users/mertmihci/Desktop/odtu/EE446/lab4/lab4vivado/lab4vivado.srcs/sources_1/imports/lab4/Mux_2to1.v:1]
	Parameter WIDTH bound to: 32 - type: integer 
INFO: [Synth 8-6155] done synthesizing module 'Mux_2to1' (0#1) [C:/Users/mertmihci/Desktop/odtu/EE446/lab4/lab4vivado/lab4vivado.srcs/sources_1/imports/lab4/Mux_2to1.v:1]
INFO: [Synth 8-6157] synthesizing module 'Instruction_memory' [C:/Users/mertmihci/Desktop/odtu/EE446/lab4/lab4vivado/lab4vivado.srcs/sources_1/imports/lab4/Instruction_memory.v:1]
INFO: [Synth 8-3876] $readmem data file 'Instructions.hex' is read successfully [C:/Users/mertmihci/Desktop/odtu/EE446/lab4/lab4vivado/lab4vivado.srcs/sources_1/imports/lab4/Instruction_memory.v:9]
INFO: [Synth 8-6155] done synthesizing module 'Instruction_memory' (0#1) [C:/Users/mertmihci/Desktop/odtu/EE446/lab4/lab4vivado/lab4vivado.srcs/sources_1/imports/lab4/Instruction_memory.v:1]
INFO: [Synth 8-6157] synthesizing module 'Mux_2to1__parameterized0' [C:/Users/mertmihci/Desktop/odtu/EE446/lab4/lab4vivado/lab4vivado.srcs/sources_1/imports/lab4/Mux_2to1.v:1]
INFO: [Synth 8-6155] done synthesizing module 'Mux_2to1__parameterized0' (0#1) [C:/Users/mertmihci/Desktop/odtu/EE446/lab4/lab4vivado/lab4vivado.srcs/sources_1/imports/lab4/Mux_2to1.v:1]
INFO: [Synth 8-6157] synthesizing module 'Register_file' [C:/Users/mertmihci/Desktop/odtu/EE446/lab4/lab4vivado/lab4vivado.srcs/sources_1/imports/lab4/Register_file.v:1]
INFO: [Synth 8-6157] synthesizing module 'Register_rsten_neg' [C:/Users/mertmihci/Desktop/odtu/EE446/lab4/lab4vivado/lab4vivado.srcs/sources_1/imports/lab4/Register_rsten_neg.v:1]
	Parameter WIDTH bound to: 32 - type: integer 
INFO: [Synth 8-6155] done synthesizing module 'Register_rsten_neg' (0#1) [C:/Users/mertmihci/Desktop/odtu/EE446/lab4/lab4vivado/lab4vivado.srcs/sources_1/imports/lab4/Register_rsten_neg.v:1]
INFO: [Synth 8-6157] synthesizing module 'Decoder_4to16' [C:/Users/mertmihci/Desktop/odtu/EE446/lab4/lab4vivado/lab4vivado.srcs/sources_1/imports/lab4/Decoder_4to16.v:1]
INFO: [Synth 8-6155] done synthesizing module 'Decoder_4to16' (0#1) [C:/Users/mertmihci/Desktop/odtu/EE446/lab4/lab4vivado/lab4vivado.srcs/sources_1/imports/lab4/Decoder_4to16.v:1]
INFO: [Synth 8-6157] synthesizing module 'Mux_16to1' [C:/Users/mertmihci/Desktop/odtu/EE446/lab4/lab4vivado/lab4vivado.srcs/sources_1/imports/lab4/Mux_16to1.v:1]
	Parameter WIDTH bound to: 32 - type: integer 
INFO: [Synth 8-226] default block is never used [C:/Users/mertmihci/Desktop/odtu/EE446/lab4/lab4vivado/lab4vivado.srcs/sources_1/imports/lab4/Mux_16to1.v:9]
INFO: [Synth 8-6155] done synthesizing module 'Mux_16to1' (0#1) [C:/Users/mertmihci/Desktop/odtu/EE446/lab4/lab4vivado/lab4vivado.srcs/sources_1/imports/lab4/Mux_16to1.v:1]
INFO: [Synth 8-6155] done synthesizing module 'Register_file' (0#1) [C:/Users/mertmihci/Desktop/odtu/EE446/lab4/lab4vivado/lab4vivado.srcs/sources_1/imports/lab4/Register_file.v:1]
INFO: [Synth 8-6157] synthesizing module 'Extender' [C:/Users/mertmihci/Desktop/odtu/EE446/lab4/lab4vivado/lab4vivado.srcs/sources_1/imports/lab4/Extender.v:1]
INFO: [Synth 8-6155] done synthesizing module 'Extender' (0#1) [C:/Users/mertmihci/Desktop/odtu/EE446/lab4/lab4vivado/lab4vivado.srcs/sources_1/imports/lab4/Extender.v:1]
INFO: [Synth 8-6157] synthesizing module 'Register_reset' [C:/Users/mertmihci/Desktop/odtu/EE446/lab4/lab4vivado/lab4vivado.srcs/sources_1/imports/lab4/Register_reset.v:1]
	Parameter WIDTH bound to: 32 - type: integer 
INFO: [Synth 8-6155] done synthesizing module 'Register_reset' (0#1) [C:/Users/mertmihci/Desktop/odtu/EE446/lab4/lab4vivado/lab4vivado.srcs/sources_1/imports/lab4/Register_reset.v:1]
INFO: [Synth 8-6157] synthesizing module 'Register_reset__parameterized0' [C:/Users/mertmihci/Desktop/odtu/EE446/lab4/lab4vivado/lab4vivado.srcs/sources_1/imports/lab4/Register_reset.v:1]
	Parameter WIDTH bound to: 4 - type: integer 
INFO: [Synth 8-6155] done synthesizing module 'Register_reset__parameterized0' (0#1) [C:/Users/mertmihci/Desktop/odtu/EE446/lab4/lab4vivado/lab4vivado.srcs/sources_1/imports/lab4/Register_reset.v:1]
INFO: [Synth 8-6157] synthesizing module 'Mux_4to1' [C:/Users/mertmihci/Desktop/odtu/EE446/lab4/lab4vivado/lab4vivado.srcs/sources_1/imports/lab4/Mux_4to1.v:1]
	Parameter WIDTH bound to: 32 - type: integer 
INFO: [Synth 8-226] default block is never used [C:/Users/mertmihci/Desktop/odtu/EE446/lab4/lab4vivado/lab4vivado.srcs/sources_1/imports/lab4/Mux_4to1.v:9]
INFO: [Synth 8-6155] done synthesizing module 'Mux_4to1' (0#1) [C:/Users/mertmihci/Desktop/odtu/EE446/lab4/lab4vivado/lab4vivado.srcs/sources_1/imports/lab4/Mux_4to1.v:1]
INFO: [Synth 8-6157] synthesizing module 'shifter' [C:/Users/mertmihci/Desktop/odtu/EE446/lab4/lab4vivado/lab4vivado.srcs/sources_1/imports/lab4/shifter.v:1]
	Parameter WIDTH bound to: 32 - type: integer 
INFO: [Synth 8-6155] done synthesizing module 'shifter' (0#1) [C:/Users/mertmihci/Desktop/odtu/EE446/lab4/lab4vivado/lab4vivado.srcs/sources_1/imports/lab4/shifter.v:1]
INFO: [Synth 8-6157] synthesizing module 'ALU' [C:/Users/mertmihci/Desktop/odtu/EE446/lab4/lab4vivado/lab4vivado.srcs/sources_1/imports/lab4/ALU.v:1]
	Parameter WIDTH bound to: 32 - type: integer 
INFO: [Synth 8-6155] done synthesizing module 'ALU' (0#1) [C:/Users/mertmihci/Desktop/odtu/EE446/lab4/lab4vivado/lab4vivado.srcs/sources_1/imports/lab4/ALU.v:1]
INFO: [Synth 8-6157] synthesizing module 'Memory' [C:/Users/mertmihci/Desktop/odtu/EE446/lab4/lab4vivado/lab4vivado.srcs/sources_1/imports/lab4/Memory.v:1]
INFO: [Synth 8-6155] done synthesizing module 'Memory' (0#1) [C:/Users/mertmihci/Desktop/odtu/EE446/lab4/lab4vivado/lab4vivado.srcs/sources_1/imports/lab4/Memory.v:1]
INFO: [Synth 8-6155] done synthesizing module 'datapath' (0#1) [C:/Users/mertmihci/Desktop/odtu/EE446/lab4/lab4vivado/lab4vivado.srcs/sources_1/imports/lab4/datapath.v:1]
INFO: [Synth 8-6157] synthesizing module 'controller' [C:/Users/mertmihci/Desktop/odtu/EE446/lab4/lab4vivado/lab4vivado.srcs/sources_1/imports/lab4/controller.v:1]
INFO: [Synth 8-6157] synthesizing module 'Register_reset__parameterized1' [C:/Users/mertmihci/Desktop/odtu/EE446/lab4/lab4vivado/lab4vivado.srcs/sources_1/imports/lab4/Register_reset.v:1]
	Parameter WIDTH bound to: 1 - type: integer 
INFO: [Synth 8-6155] done synthesizing module 'Register_reset__parameterized1' (0#1) [C:/Users/mertmihci/Desktop/odtu/EE446/lab4/lab4vivado/lab4vivado.srcs/sources_1/imports/lab4/Register_reset.v:1]
INFO: [Synth 8-6157] synthesizing module 'Register_reset__parameterized2' [C:/Users/mertmihci/Desktop/odtu/EE446/lab4/lab4vivado/lab4vivado.srcs/sources_1/imports/lab4/Register_reset.v:1]
	Parameter WIDTH bound to: 2 - type: integer 
INFO: [Synth 8-6155] done synthesizing module 'Register_reset__parameterized2' (0#1) [C:/Users/mertmihci/Desktop/odtu/EE446/lab4/lab4vivado/lab4vivado.srcs/sources_1/imports/lab4/Register_reset.v:1]
INFO: [Synth 8-6157] synthesizing module 'Register_reset__parameterized3' [C:/Users/mertmihci/Desktop/odtu/EE446/lab4/lab4vivado/lab4vivado.srcs/sources_1/imports/lab4/Register_reset.v:1]
	Parameter WIDTH bound to: 5 - type: integer 
INFO: [Synth 8-6155] done synthesizing module 'Register_reset__parameterized3' (0#1) [C:/Users/mertmihci/Desktop/odtu/EE446/lab4/lab4vivado/lab4vivado.srcs/sources_1/imports/lab4/Register_reset.v:1]
INFO: [Synth 8-6157] synthesizing module 'Register_rsten__parameterized0' [C:/Users/mertmihci/Desktop/odtu/EE446/lab4/lab4vivado/lab4vivado.srcs/sources_1/imports/lab4/Register_rsten.v:1]
	Parameter WIDTH bound to: 4 - type: integer 
INFO: [Synth 8-6155] done synthesizing module 'Register_rsten__parameterized0' (0#1) [C:/Users/mertmihci/Desktop/odtu/EE446/lab4/lab4vivado/lab4vivado.srcs/sources_1/imports/lab4/Register_rsten.v:1]
WARNING: [Synth 8-589] replacing case/wildcard equality operator === with logical equality operator == [C:/Users/mertmihci/Desktop/odtu/EE446/lab4/lab4vivado/lab4vivado.srcs/sources_1/imports/lab4/controller.v:82]
INFO: [Synth 8-6155] done synthesizing module 'controller' (0#1) [C:/Users/mertmihci/Desktop/odtu/EE446/lab4/lab4vivado/lab4vivado.srcs/sources_1/imports/lab4/controller.v:1]
WARNING: [Synth 8-7071] port 'BX' of module 'controller' is unconnected for instance 'my_controller' [C:/Users/mertmihci/Desktop/odtu/EE446/lab4/lab4vivado/lab4vivado.srcs/sources_1/imports/lab4/Pipeline_Computer.v:23]
WARNING: [Synth 8-7023] instance 'my_controller' of module 'controller' has 25 connections declared, but only 24 given [C:/Users/mertmihci/Desktop/odtu/EE446/lab4/lab4vivado/lab4vivado.srcs/sources_1/imports/lab4/Pipeline_Computer.v:23]
INFO: [Synth 8-6157] synthesizing module 'hazard_unit' [C:/Users/mertmihci/Desktop/odtu/EE446/lab4/lab4vivado/lab4vivado.srcs/sources_1/imports/lab4/hazard_unit.v:1]
INFO: [Synth 8-6155] done synthesizing module 'hazard_unit' (0#1) [C:/Users/mertmihci/Desktop/odtu/EE446/lab4/lab4vivado/lab4vivado.srcs/sources_1/imports/lab4/hazard_unit.v:1]
INFO: [Synth 8-6155] done synthesizing module 'Pipeline_Computer' (0#1) [C:/Users/mertmihci/Desktop/odtu/EE446/lab4/lab4vivado/lab4vivado.srcs/sources_1/imports/lab4/Pipeline_Computer.v:1]
INFO: [Synth 8-6155] done synthesizing module 'Nexys_A7' (0#1) [C:/Users/mertmihci/Desktop/odtu/EE446/lab4/lab4vivado/lab4vivado.srcs/sources_1/imports/lab4/Project_top_module_exp2.v:3]
WARNING: [Synth 8-4767] Trying to implement RAM 'mem_reg' in registers. Block RAM or DRAM implementation is not possible; see log for reasons.
Reason is one or more of the following :
	1: RAM has multiple writes via different ports in same process. If RAM inferencing intended, write to one port per process. 
	2: Unable to determine number of words or word size in RAM. 
	3: No valid read/write found for RAM. 
RAM "mem_reg" dissolved into registers
WARNING: [Synth 8-7129] Port RegWriteE in module hazard_unit is either unconnected or has no load
WARNING: [Synth 8-7129] Port IROut[3] in module controller is either unconnected or has no load
WARNING: [Synth 8-7129] Port IROut[2] in module controller is either unconnected or has no load
WARNING: [Synth 8-7129] Port IROut[1] in module controller is either unconnected or has no load
WARNING: [Synth 8-7129] Port IROut[0] in module controller is either unconnected or has no load
---------------------------------------------------------------------------------
Finished RTL Elaboration : Time (s): cpu = 00:00:07 ; elapsed = 00:00:07 . Memory (MB): peak = 1538.203 ; gain = 620.215
---------------------------------------------------------------------------------
---------------------------------------------------------------------------------
Start Handling Custom Attributes
---------------------------------------------------------------------------------
---------------------------------------------------------------------------------
Finished Handling Custom Attributes : Time (s): cpu = 00:00:07 ; elapsed = 00:00:07 . Memory (MB): peak = 1538.203 ; gain = 620.215
---------------------------------------------------------------------------------
---------------------------------------------------------------------------------
Finished RTL Optimization Phase 1 : Time (s): cpu = 00:00:07 ; elapsed = 00:00:07 . Memory (MB): peak = 1538.203 ; gain = 620.215
---------------------------------------------------------------------------------
Netlist sorting complete. Time (s): cpu = 00:00:00 ; elapsed = 00:00:00.093 . Memory (MB): peak = 1538.203 ; gain = 0.000
INFO: [Project 1-570] Preparing netlist for logic optimization

Processing XDC Constraints
Initializing timing engine
Parsing XDC File [C:/Users/mertmihci/Desktop/odtu/EE446/lab4/lab4vivado/lab4vivado.srcs/constrs_1/imports/Supplementary Codes/Nexys-A7-100T-Master.xdc]
Finished Parsing XDC File [C:/Users/mertmihci/Desktop/odtu/EE446/lab4/lab4vivado/lab4vivado.srcs/constrs_1/imports/Supplementary Codes/Nexys-A7-100T-Master.xdc]
INFO: [Project 1-236] Implementation specific constraints were found while reading constraint file [C:/Users/mertmihci/Desktop/odtu/EE446/lab4/lab4vivado/lab4vivado.srcs/constrs_1/imports/Supplementary Codes/Nexys-A7-100T-Master.xdc]. These constraints will be ignored for synthesis but will be used in implementation. Impacted constraints are listed in the file [.Xil/Nexys_A7_propImpl.xdc].
Resolution: To avoid this warning, move constraints listed in [.Xil/Nexys_A7_propImpl.xdc] to another XDC file and exclude this new file from synthesis with the used_in_synthesis property (File Properties dialog in GUI) and re-run elaboration/synthesis.
Completed Processing XDC Constraints

Netlist sorting complete. Time (s): cpu = 00:00:00 ; elapsed = 00:00:00.001 . Memory (MB): peak = 1584.602 ; gain = 0.000
INFO: [Project 1-111] Unisim Transformation Summary:
No Unisim elements were transformed.

Constraint Validation Runtime : Time (s): cpu = 00:00:00 ; elapsed = 00:00:00.022 . Memory (MB): peak = 1584.602 ; gain = 0.000
INFO: [Designutils 20-5440] No compile time benefit to using incremental synthesis; A full resynthesis will be run
INFO: [Designutils 20-4379] Flow is switching to default flow due to incremental criteria not met. If you would like to alter this behaviour and have the flow terminate instead, please set the following parameter config_implementation {autoIncr.Synth.RejectBehavior Terminate}
---------------------------------------------------------------------------------
Finished Constraint Validation : Time (s): cpu = 00:00:15 ; elapsed = 00:00:15 . Memory (MB): peak = 1584.602 ; gain = 666.613
---------------------------------------------------------------------------------
---------------------------------------------------------------------------------
Start Loading Part and Timing Information
---------------------------------------------------------------------------------
Loading part: xc7a100tcsg324-1
---------------------------------------------------------------------------------
Finished Loading Part and Timing Information : Time (s): cpu = 00:00:15 ; elapsed = 00:00:15 . Memory (MB): peak = 1584.602 ; gain = 666.613
---------------------------------------------------------------------------------
---------------------------------------------------------------------------------
Start Applying 'set_property' XDC Constraints
---------------------------------------------------------------------------------
---------------------------------------------------------------------------------
Finished applying 'set_property' XDC Constraints : Time (s): cpu = 00:00:15 ; elapsed = 00:00:15 . Memory (MB): peak = 1584.602 ; gain = 666.613
---------------------------------------------------------------------------------
---------------------------------------------------------------------------------
Finished RTL Optimization Phase 2 : Time (s): cpu = 00:00:18 ; elapsed = 00:00:19 . Memory (MB): peak = 1584.602 ; gain = 666.613
---------------------------------------------------------------------------------
---------------------------------------------------------------------------------
Start RTL Component Statistics 
---------------------------------------------------------------------------------
Detailed RTL Component Info : 
+---Adders : 
	   3 Input   33 Bit       Adders := 6     
	   2 Input   32 Bit       Adders := 3     
	   2 Input    8 Bit       Adders := 3     
	   2 Input    3 Bit       Adders := 1     
+---XORs : 
	   2 Input     32 Bit         XORs := 2     
+---Registers : 
	               32 Bit    Registers := 27    
	                8 Bit    Registers := 256   
	                5 Bit    Registers := 1     
	                4 Bit    Registers := 8     
	                3 Bit    Registers := 1     
	                2 Bit    Registers := 1     
	                1 Bit    Registers := 22    
+---Muxes : 
	   2 Input   32 Bit        Muxes := 5     
	   4 Input   32 Bit        Muxes := 4     
	 257 Input    8 Bit        Muxes := 4     
	   4 Input    8 Bit        Muxes := 128   
	   2 Input    8 Bit        Muxes := 252   
	   2 Input    5 Bit        Muxes := 2     
	   2 Input    4 Bit        Muxes := 3     
	   4 Input    4 Bit        Muxes := 1     
	   2 Input    2 Bit        Muxes := 3     
	   2 Input    1 Bit        Muxes := 261   
	   4 Input    1 Bit        Muxes := 64    
	   5 Input    1 Bit        Muxes := 180   
---------------------------------------------------------------------------------
Finished RTL Component Statistics 
---------------------------------------------------------------------------------
---------------------------------------------------------------------------------
Start Part Resource Summary
---------------------------------------------------------------------------------
Part Resources:
DSPs: 240 (col length:80)
BRAMs: 270 (col length: RAMB18 80 RAMB36 40)
---------------------------------------------------------------------------------
Finished Part Resource Summary
---------------------------------------------------------------------------------
---------------------------------------------------------------------------------
Start Cross Boundary and Area Optimization
---------------------------------------------------------------------------------
WARNING: [Synth 8-7080] Parallel synthesis criteria is not met
WARNING: [Synth 8-7129] Port ADDR[31] in module Memory is either unconnected or has no load
WARNING: [Synth 8-7129] Port ADDR[30] in module Memory is either unconnected or has no load
WARNING: [Synth 8-7129] Port ADDR[29] in module Memory is either unconnected or has no load
WARNING: [Synth 8-7129] Port ADDR[28] in module Memory is either unconnected or has no load
WARNING: [Synth 8-7129] Port ADDR[27] in module Memory is either unconnected or has no load
WARNING: [Synth 8-7129] Port ADDR[26] in module Memory is either unconnected or has no load
WARNING: [Synth 8-7129] Port ADDR[25] in module Memory is either unconnected or has no load
WARNING: [Synth 8-7129] Port ADDR[24] in module Memory is either unconnected or has no load
WARNING: [Synth 8-7129] Port ADDR[23] in module Memory is either unconnected or has no load
WARNING: [Synth 8-7129] Port ADDR[22] in module Memory is either unconnected or has no load
WARNING: [Synth 8-7129] Port ADDR[21] in module Memory is either unconnected or has no load
WARNING: [Synth 8-7129] Port ADDR[20] in module Memory is either unconnected or has no load
WARNING: [Synth 8-7129] Port ADDR[19] in module Memory is either unconnected or has no load
WARNING: [Synth 8-7129] Port ADDR[18] in module Memory is either unconnected or has no load
WARNING: [Synth 8-7129] Port ADDR[17] in module Memory is either unconnected or has no load
WARNING: [Synth 8-7129] Port ADDR[16] in module Memory is either unconnected or has no load
WARNING: [Synth 8-7129] Port ADDR[15] in module Memory is either unconnected or has no load
WARNING: [Synth 8-7129] Port ADDR[14] in module Memory is either unconnected or has no load
WARNING: [Synth 8-7129] Port ADDR[13] in module Memory is either unconnected or has no load
WARNING: [Synth 8-7129] Port ADDR[12] in module Memory is either unconnected or has no load
WARNING: [Synth 8-7129] Port ADDR[11] in module Memory is either unconnected or has no load
WARNING: [Synth 8-7129] Port ADDR[10] in module Memory is either unconnected or has no load
WARNING: [Synth 8-7129] Port ADDR[9] in module Memory is either unconnected or has no load
WARNING: [Synth 8-7129] Port ADDR[8] in module Memory is either unconnected or has no load
WARNING: [Synth 8-7129] Port ADDR[31] in module Instruction_memory is either unconnected or has no load
WARNING: [Synth 8-7129] Port ADDR[30] in module Instruction_memory is either unconnected or has no load
WARNING: [Synth 8-7129] Port ADDR[29] in module Instruction_memory is either unconnected or has no load
WARNING: [Synth 8-7129] Port ADDR[28] in module Instruction_memory is either unconnected or has no load
WARNING: [Synth 8-7129] Port ADDR[27] in module Instruction_memory is either unconnected or has no load
WARNING: [Synth 8-7129] Port ADDR[26] in module Instruction_memory is either unconnected or has no load
WARNING: [Synth 8-7129] Port ADDR[25] in module Instruction_memory is either unconnected or has no load
WARNING: [Synth 8-7129] Port ADDR[24] in module Instruction_memory is either unconnected or has no load
WARNING: [Synth 8-7129] Port ADDR[23] in module Instruction_memory is either unconnected or has no load
WARNING: [Synth 8-7129] Port ADDR[22] in module Instruction_memory is either unconnected or has no load
WARNING: [Synth 8-7129] Port ADDR[21] in module Instruction_memory is either unconnected or has no load
WARNING: [Synth 8-7129] Port ADDR[20] in module Instruction_memory is either unconnected or has no load
WARNING: [Synth 8-7129] Port ADDR[19] in module Instruction_memory is either unconnected or has no load
WARNING: [Synth 8-7129] Port ADDR[18] in module Instruction_memory is either unconnected or has no load
WARNING: [Synth 8-7129] Port ADDR[17] in module Instruction_memory is either unconnected or has no load
WARNING: [Synth 8-7129] Port ADDR[16] in module Instruction_memory is either unconnected or has no load
WARNING: [Synth 8-7129] Port ADDR[15] in module Instruction_memory is either unconnected or has no load
WARNING: [Synth 8-7129] Port ADDR[14] in module Instruction_memory is either unconnected or has no load
WARNING: [Synth 8-7129] Port ADDR[13] in module Instruction_memory is either unconnected or has no load
WARNING: [Synth 8-7129] Port ADDR[12] in module Instruction_memory is either unconnected or has no load
WARNING: [Synth 8-7129] Port ADDR[11] in module Instruction_memory is either unconnected or has no load
WARNING: [Synth 8-7129] Port ADDR[10] in module Instruction_memory is either unconnected or has no load
WARNING: [Synth 8-7129] Port ADDR[9] in module Instruction_memory is either unconnected or has no load
WARNING: [Synth 8-7129] Port ADDR[8] in module Instruction_memory is either unconnected or has no load
---------------------------------------------------------------------------------
Finished Cross Boundary and Area Optimization : Time (s): cpu = 00:00:30 ; elapsed = 00:00:31 . Memory (MB): peak = 1584.602 ; gain = 666.613
---------------------------------------------------------------------------------
---------------------------------------------------------------------------------
Start Applying XDC Timing Constraints
---------------------------------------------------------------------------------
---------------------------------------------------------------------------------
Finished Applying XDC Timing Constraints : Time (s): cpu = 00:00:35 ; elapsed = 00:00:36 . Memory (MB): peak = 1584.602 ; gain = 666.613
---------------------------------------------------------------------------------
---------------------------------------------------------------------------------
Start Timing Optimization
---------------------------------------------------------------------------------
---------------------------------------------------------------------------------
Finished Timing Optimization : Time (s): cpu = 00:00:36 ; elapsed = 00:00:37 . Memory (MB): peak = 1584.602 ; gain = 666.613
---------------------------------------------------------------------------------
---------------------------------------------------------------------------------
Start Technology Mapping
---------------------------------------------------------------------------------
---------------------------------------------------------------------------------
Finished Technology Mapping : Time (s): cpu = 00:00:39 ; elapsed = 00:00:40 . Memory (MB): peak = 1666.250 ; gain = 748.262
---------------------------------------------------------------------------------
---------------------------------------------------------------------------------
Start IO Insertion
---------------------------------------------------------------------------------
---------------------------------------------------------------------------------
Start Flattening Before IO Insertion
---------------------------------------------------------------------------------
---------------------------------------------------------------------------------
Finished Flattening Before IO Insertion
---------------------------------------------------------------------------------
---------------------------------------------------------------------------------
Start Final Netlist Cleanup
---------------------------------------------------------------------------------
---------------------------------------------------------------------------------
Finished Final Netlist Cleanup
---------------------------------------------------------------------------------
---------------------------------------------------------------------------------
Finished IO Insertion : Time (s): cpu = 00:00:43 ; elapsed = 00:00:44 . Memory (MB): peak = 1673.828 ; gain = 755.840
---------------------------------------------------------------------------------
---------------------------------------------------------------------------------
Start Renaming Generated Instances
---------------------------------------------------------------------------------
---------------------------------------------------------------------------------
Finished Renaming Generated Instances : Time (s): cpu = 00:00:43 ; elapsed = 00:00:44 . Memory (MB): peak = 1673.828 ; gain = 755.840
---------------------------------------------------------------------------------
---------------------------------------------------------------------------------
Start Rebuilding User Hierarchy
---------------------------------------------------------------------------------
---------------------------------------------------------------------------------
Finished Rebuilding User Hierarchy : Time (s): cpu = 00:00:44 ; elapsed = 00:00:45 . Memory (MB): peak = 1673.828 ; gain = 755.840
---------------------------------------------------------------------------------
---------------------------------------------------------------------------------
Start Renaming Generated Ports
---------------------------------------------------------------------------------
---------------------------------------------------------------------------------
Finished Renaming Generated Ports : Time (s): cpu = 00:00:44 ; elapsed = 00:00:45 . Memory (MB): peak = 1673.828 ; gain = 755.840
---------------------------------------------------------------------------------
---------------------------------------------------------------------------------
Start Handling Custom Attributes
---------------------------------------------------------------------------------
---------------------------------------------------------------------------------
Finished Handling Custom Attributes : Time (s): cpu = 00:00:44 ; elapsed = 00:00:45 . Memory (MB): peak = 1673.828 ; gain = 755.840
---------------------------------------------------------------------------------
---------------------------------------------------------------------------------
Start Renaming Generated Nets
---------------------------------------------------------------------------------
---------------------------------------------------------------------------------
Finished Renaming Generated Nets : Time (s): cpu = 00:00:44 ; elapsed = 00:00:45 . Memory (MB): peak = 1673.828 ; gain = 755.840
---------------------------------------------------------------------------------
---------------------------------------------------------------------------------
Start Writing Synthesis Report
---------------------------------------------------------------------------------

Report BlackBoxes: 
+-+--------------+----------+
| |BlackBox name |Instances |
+-+--------------+----------+
+-+--------------+----------+

Report Cell Usage: 
+------+-------+------+
|      |Cell   |Count |
+------+-------+------+
|1     |BUFG   |     2|
|2     |CARRY4 |    94|
|3     |LUT1   |    33|
|4     |LUT2   |   284|
|5     |LUT3   |  1182|
|6     |LUT4   |   178|
|7     |LUT5   |   499|
|8     |LUT6   |  3747|
|9     |MUXF7  |  1300|
|10    |MUXF8  |   632|
|11    |FDRE   |  3112|
|12    |IBUF   |    19|
|13    |OBUF   |    32|
+------+-------+------+
---------------------------------------------------------------------------------
Finished Writing Synthesis Report : Time (s): cpu = 00:00:44 ; elapsed = 00:00:45 . Memory (MB): peak = 1673.828 ; gain = 755.840
---------------------------------------------------------------------------------
Synthesis finished with 0 errors, 0 critical warnings and 49 warnings.
Synthesis Optimization Runtime : Time (s): cpu = 00:00:34 ; elapsed = 00:00:43 . Memory (MB): peak = 1673.828 ; gain = 709.441
Synthesis Optimization Complete : Time (s): cpu = 00:00:44 ; elapsed = 00:00:45 . Memory (MB): peak = 1673.828 ; gain = 755.840
INFO: [Project 1-571] Translating synthesized netlist
Netlist sorting complete. Time (s): cpu = 00:00:00 ; elapsed = 00:00:00.122 . Memory (MB): peak = 1673.828 ; gain = 0.000
INFO: [Netlist 29-17] Analyzing 2026 Unisim elements for replacement
INFO: [Netlist 29-28] Unisim Transformation completed in 0 CPU seconds
INFO: [Project 1-570] Preparing netlist for logic optimization
INFO: [Opt 31-138] Pushed 0 inverter(s) to 0 load pin(s).
Netlist sorting complete. Time (s): cpu = 00:00:00 ; elapsed = 00:00:00.002 . Memory (MB): peak = 1673.828 ; gain = 0.000
INFO: [Project 1-111] Unisim Transformation Summary:
No Unisim elements were transformed.

Synth Design complete | Checksum: 72af4274
INFO: [Common 17-83] Releasing license: Synthesis
84 Infos, 59 Warnings, 0 Critical Warnings and 0 Errors encountered.
synth_design completed successfully
synth_design: Time (s): cpu = 00:00:50 ; elapsed = 00:00:52 . Memory (MB): peak = 1673.828 ; gain = 1174.273
Write ShapeDB Complete: Time (s): cpu = 00:00:00 ; elapsed = 00:00:00.030 . Memory (MB): peak = 1673.828 ; gain = 0.000
INFO: [Common 17-1381] The checkpoint 'C:/Users/mertmihci/Desktop/odtu/EE446/lab4/lab4vivado/lab4vivado.runs/synth_1/Nexys_A7.dcp' has been generated.
INFO: [Vivado 12-24828] Executing command : report_utilization -file Nexys_A7_utilization_synth.rpt -pb Nexys_A7_utilization_synth.pb
INFO: [Common 17-206] Exiting Vivado at Mon Apr 21 04:19:52 2025...
